Component: ARM Compiler 5.06 update 7 (build 960) Tool: armlink [4d3601]

==============================================================================

Section Cross References

    startup_stm32f103x6.o(RESET) refers to startup_stm32f103x6.o(STACK) for __initial_sp
    startup_stm32f103x6.o(RESET) refers to startup_stm32f103x6.o(.text) for Reset_Handler
    startup_stm32f103x6.o(RESET) refers to stm32f1xx_it.o(i.NMI_Handler) for NMI_Handler
    startup_stm32f103x6.o(RESET) refers to stm32f1xx_it.o(i.HardFault_Handler) for HardFault_Handler
    startup_stm32f103x6.o(RESET) refers to stm32f1xx_it.o(i.MemManage_Handler) for MemManage_Handler
    startup_stm32f103x6.o(RESET) refers to stm32f1xx_it.o(i.BusFault_Handler) for BusFault_Handler
    startup_stm32f103x6.o(RESET) refers to stm32f1xx_it.o(i.UsageFault_Handler) for UsageFault_Handler
    startup_stm32f103x6.o(RESET) refers to stm32f1xx_it.o(i.SVC_Handler) for SVC_Handler
    startup_stm32f103x6.o(RESET) refers to stm32f1xx_it.o(i.DebugMon_Handler) for DebugMon_Handler
    startup_stm32f103x6.o(RESET) refers to stm32f1xx_it.o(i.PendSV_Handler) for PendSV_Handler
    startup_stm32f103x6.o(RESET) refers to stm32f1xx_it.o(i.SysTick_Handler) for SysTick_Handler
    startup_stm32f103x6.o(RESET) refers to stm32f1xx_it.o(i.TIM3_IRQHandler) for TIM3_IRQHandler
    startup_stm32f103x6.o(.text) refers to system_stm32f1xx.o(i.SystemInit) for SystemInit
    startup_stm32f103x6.o(.text) refers to entry.o(.ARM.Collect$$$$00000000) for __main
    main.o(i.ADC_Get) refers to stm32f1xx_hal_adc.o(i.HAL_ADC_Start) for HAL_ADC_Start
    main.o(i.ADC_Get) refers to stm32f1xx_hal_adc.o(i.HAL_ADC_PollForConversion) for HAL_ADC_PollForConversion
    main.o(i.ADC_Get) refers to stm32f1xx_hal_adc.o(i.HAL_ADC_GetState) for HAL_ADC_GetState
    main.o(i.ADC_Get) refers to stm32f1xx_hal_adc.o(i.HAL_ADC_GetValue) for HAL_ADC_GetValue
    main.o(i.ADC_Get) refers to adc.o(.bss) for hadc1
    main.o(i.HAL_TIM_PeriodElapsedCallback) refers to stm32f1xx_hal_gpio.o(i.HAL_GPIO_TogglePin) for HAL_GPIO_TogglePin
    main.o(i.HAL_TIM_PeriodElapsedCallback) refers to tim.o(.bss) for htim3
    main.o(i.HAL_TIM_PeriodElapsedCallback) refers to main.o(.data) for .data
    main.o(i.SystemClock_Config) refers to memseta.o(.text) for __aeabi_memclr4
    main.o(i.SystemClock_Config) refers to stm32f1xx_hal_rcc.o(i.HAL_RCC_OscConfig) for HAL_RCC_OscConfig
    main.o(i.SystemClock_Config) refers to stm32f1xx_hal_rcc.o(i.HAL_RCC_ClockConfig) for HAL_RCC_ClockConfig
    main.o(i.SystemClock_Config) refers to stm32f1xx_hal_rcc_ex.o(i.HAL_RCCEx_PeriphCLKConfig) for HAL_RCCEx_PeriphCLKConfig
    main.o(i.fputc) refers to stm32f1xx_hal_uart.o(i.HAL_UART_Transmit) for HAL_UART_Transmit
    main.o(i.fputc) refers to usart.o(.bss) for huart1
    main.o(i.main) refers to stm32f1xx_hal.o(i.HAL_Init) for HAL_Init
    main.o(i.main) refers to main.o(i.SystemClock_Config) for SystemClock_Config
    main.o(i.main) refers to gpio.o(i.MX_GPIO_Init) for MX_GPIO_Init
    main.o(i.main) refers to tim.o(i.MX_TIM3_Init) for MX_TIM3_Init
    main.o(i.main) refers to usart.o(i.MX_USART1_UART_Init) for MX_USART1_UART_Init
    main.o(i.main) refers to adc.o(i.MX_ADC1_Init) for MX_ADC1_Init
    main.o(i.main) refers to stm32f1xx_hal_tim.o(i.HAL_TIM_Base_Start_IT) for HAL_TIM_Base_Start_IT
    main.o(i.main) refers to lcd1602.o(i.LCD_Init) for LCD_Init
    main.o(i.main) refers to lcd12864.o(i.LCD12864_Init) for LCD12864_Init
    main.o(i.main) refers to at24c02.o(i.AT24C02_Init) for AT24C02_Init
    main.o(i.main) refers to oled.o(i.OLED_Init) for OLED_Init
    main.o(i.main) refers to dht11.o(i.DHT11_Init) for DHT11_Init
    main.o(i.main) refers to keyboard.o(i.keyboard_init) for keyboard_init
    main.o(i.main) refers to step_motor.o(i.step_motor_init) for step_motor_init
    main.o(i.main) refers to keyboard.o(i.key_scan) for key_scan
    main.o(i.main) refers to oled.o(i.OLED_DrawLine) for OLED_DrawLine
    main.o(i.main) refers to oled.o(i.OLED_DrawPoint) for OLED_DrawPoint
    main.o(i.main) refers to oled.o(i.OLED_DrawCircle) for OLED_DrawCircle
    main.o(i.main) refers to oled.o(i.OLED_Refresh) for OLED_Refresh
    main.o(i.main) refers to printf6.o(i.__0printf$6) for __2printf
    main.o(i.main) refers to printf6.o(i.__0sprintf$6) for __2sprintf
    main.o(i.main) refers to lcd12864.o(i.show_ascii_str) for show_ascii_str
    main.o(i.main) refers to lcd1602.o(i.LCD_Puts) for LCD_Puts
    main.o(i.main) refers to step_motor.o(i.step_motor_angle_set) for step_motor_angle_set
    main.o(i.main) refers to stm32f1xx_hal.o(i.HAL_GetTick) for HAL_GetTick
    main.o(i.main) refers to at24c02.o(i.AT24C02_Write) for AT24C02_Write
    main.o(i.main) refers to at24c02.o(i.AT24C02_Read) for AT24C02_Read
    main.o(i.main) refers to dht11.o(i.DHT11_Read_Data) for DHT11_Read_Data
    main.o(i.main) refers to main.o(i.ADC_Get) for ADC_Get
    main.o(i.main) refers to dfltui.o(.text) for __aeabi_ui2d
[...]
    Removing stm32f1xx_hal_uart.o(i.HAL_UART_Transmit_DMA), (120 bytes).
    Removing stm32f1xx_hal_uart.o(i.HAL_UART_Transmit_IT), (50 bytes).
    Removing stm32f1xx_hal_uart.o(i.HAL_UART_TxCpltCallback), (2 bytes).
    Removing stm32f1xx_hal_uart.o(i.HAL_UART_TxHalfCpltCallback), (2 bytes).
    Removing stm32f1xx_hal_uart.o(i.UART_DMAAbortOnError), (16 bytes).
    Removing stm32f1xx_hal_uart.o(i.UART_DMAError), (74 bytes).
    Removing stm32f1xx_hal_uart.o(i.UART_DMAReceiveCplt), (134 bytes).
    Removing stm32f1xx_hal_uart.o(i.UART_DMARxAbortCallback), (44 bytes).
    Removing stm32f1xx_hal_uart.o(i.UART_DMARxHalfCplt), (30 bytes).
    Removing stm32f1xx_hal_uart.o(i.UART_DMARxOnlyAbortCallback), (22 bytes).
    Removing stm32f1xx_hal_uart.o(i.UART_DMATransmitCplt), (66 bytes).
    Removing stm32f1xx_hal_uart.o(i.UART_DMATxAbortCallback), (44 bytes).
    Removing stm32f1xx_hal_uart.o(i.UART_DMATxHalfCplt), (10 bytes).
    Removing stm32f1xx_hal_uart.o(i.UART_DMATxOnlyAbortCallback), (20 bytes).
    Removing stm32f1xx_hal_uart.o(i.UART_EndRxTransfer), (78 bytes).
    Removing stm32f1xx_hal_uart.o(i.UART_EndTxTransfer), (28 bytes).
    Removing stm32f1xx_hal_uart.o(i.UART_Receive_IT), (194 bytes).
    Removing stm32f1xx_hal_uart.o(i.UART_Start_Receive_DMA), (144 bytes).
    Removing stm32f1xx_hal_uart.o(i.UART_Start_Receive_IT), (54 bytes).
    Removing system_stm32f1xx.o(.rev16_text), (4 bytes).
    Removing system_stm32f1xx.o(.revsh_text), (4 bytes).
    Removing system_stm32f1xx.o(.rrx_text), (6 bytes).
    Removing system_stm32f1xx.o(i.SystemCoreClockUpdate), (104 bytes).
    Removing dht11.o(.rev16_text), (4 bytes).
    Removing dht11.o(.revsh_text), (4 bytes).
    Removing dht11.o(.rrx_text), (6 bytes).
    Removing dht11.o(i.DHT11_Read_Data_Float), (136 bytes).
    Removing lcd1602.o(.rev16_text), (4 bytes).
    Removing lcd1602.o(.revsh_text), (4 bytes).
    Removing lcd1602.o(.rrx_text), (6 bytes).
    Removing lcd1602.o(i.LCD_BlinkOff), (24 bytes).
    Removing lcd1602.o(i.LCD_BlinkOn), (24 bytes).
    Removing lcd1602.o(i.LCD_CreateChar), (36 bytes).
    Removing lcd1602.o(i.LCD_CursorOff), (24 bytes).
    Removing lcd1602.o(i.LCD_CursorOn), (24 bytes).
    Removing lcd1602.o(i.LCD_Delay_ms), (4 bytes).
    Removing lcd1602.o(i.LCD_DisplayOff), (24 bytes).
    Removing lcd1602.o(i.LCD_Put), (4 bytes).
    Removing lcd1602.o(i.LCD_PutCustom), (18 bytes).
    Removing lcd1602.o(i.LCD_ScrollLeft), (6 bytes).
    Removing lcd1602.o(i.LCD_ScrollRight), (6 bytes).
    Removing lcd12864.o(.rev16_text), (4 bytes).
    Removing lcd12864.o(.revsh_text), (4 bytes).
    Removing lcd12864.o(.rrx_text), (6 bytes).
    Removing lcd12864.o(i.set_addr), (18 bytes).
    Removing lcd12864.o(i.set_db7_dir), (60 bytes).
    Removing lcd12864.o(i.show_chinese_chr), (88 bytes).
    Removing lcd12864.o(.data), (512 bytes).
    Removing oled.o(.rev16_text), (4 bytes).
    Removing oled.o(.revsh_text), (4 bytes).
    Removing oled.o(.rrx_text), (6 bytes).
    Removing oled.o(i.IIC_delay), (2 bytes).
    Removing oled.o(i.OLED_ColorTurn), (24 bytes).
    Removing oled.o(i.OLED_DisPlay_Off), (30 bytes).
    Removing oled.o(i.OLED_DisPlay_On), (30 bytes).
    Removing oled.o(i.OLED_DisplayTurn), (44 bytes).
    Removing oled.o(i.OLED_Pow), (16 bytes).
    Removing oled.o(i.OLED_ScrollDisplay), (152 bytes).
    Removing oled.o(i.OLED_ShowChar), (228 bytes).
    Removing oled.o(i.OLED_ShowChinese), (208 bytes).
    Removing oled.o(i.OLED_ShowNum), (110 bytes).
    Removing oled.o(i.OLED_ShowPicture), (156 bytes).
    Removing oled.o(i.OLED_ShowString), (60 bytes).
    Removing oled.o(.constdata), (7696 bytes).
    Removing keyboard.o(.rev16_text), (4 bytes).
    Removing keyboard.o(.revsh_text), (4 bytes).
    Removing keyboard.o(.rrx_text), (6 bytes).
    Removing step_motor.o(.rev16_text), (4 bytes).
    Removing step_motor.o(.revsh_text), (4 bytes).
    Removing step_motor.o(.rrx_text), (6 bytes).
    Removing at24c02.o(.rev16_text), (4 bytes).
    Removing at24c02.o(.revsh_text), (4 bytes).
    Removing at24c02.o(.rrx_text), (6 bytes).
    Removing dadd.o(.text), (334 bytes).
    Removing dfixul.o(.text), (48 bytes).
    Removing cdrcmple.o(.text), (48 bytes).

476 unused section(s) (total 41714 bytes) removed from the image.

==============================================================================

Image Symbol Table

    Local Symbols

    Symbol Name                              Value     Ov Type        Size  Object(Section)

    ../Core/Src/adc.c                        0x00000000   Number         0  adc.o ABSOLUTE
    ../Core/Src/gpio.c                       0x00000000   Number         0  gpio.o ABSOLUTE
    ../Core/Src/main.c                       0x00000000   Number         0  main.o ABSOLUTE
    ../Core/Src/stm32f1xx_hal_msp.c          0x00000000   Number         0  stm32f1xx_hal_msp.o ABSOLUTE
    ../Core/Src/stm32f1xx_it.c               0x00000000   Number         0  stm32f1xx_it.o ABSOLUTE
    ../Core/Src/system_stm32f1xx.c           0x00000000   Number         0  system_stm32f1xx.o ABSOLUTE
    ../Core/Src/tim.c                        0x00000000   Number         0  tim.o ABSOLUTE
    ../Core/Src/usart.c                      0x00000000   Number         0  usart.o ABSOLUTE
    ../Drivers/STM32F1xx_HAL_Driver/Src/stm32f1xx_hal.c 0x00000000   Number         0  stm32f1xx_hal.o ABSOLUTE
    ../Drivers/STM32F1xx_HAL_Driver/Src/stm32f1xx_hal_adc.c 0x00000000   Number         0  stm32f1xx_hal_adc.o ABSOLUTE
    ../Drivers/STM32F1xx_HAL_Driver/Src/stm32f1xx_hal_adc_ex.c 0x00000000   Number         0  stm32f1xx_hal_adc_ex.o ABSOLUTE
    ../Drivers/STM32F1xx_HAL_Driver/Src/stm32f1xx_hal_cortex.c 0x00000000   Number         0  stm32f1xx_hal_cortex.o ABSOLUTE
    ../Drivers/STM32F1xx_HAL_Driver/Src/stm32f1xx_hal_dma.c 0x00000000   Number         0  stm32f1xx_hal_dma.o ABSOLUTE
    ../Drivers/STM32F1xx_HAL_Driver/Src/stm32f1xx_hal_exti.c 0x00000000   Number         0  stm32f1xx_hal_exti.o ABSOLUTE
    ../Drivers/STM32F1xx_HAL_Driver/Src/stm32f1xx_hal_flash.c 0x00000000   Number         0  stm32f1xx_hal_flash.o ABSOLUTE
    ../Drivers/STM32F1xx_HAL_Driver/Src/stm32f1xx_hal_flash_ex.c 0x00000000   Number         0  stm32f1xx_hal_flash_ex.o ABSOLUTE
    ../Drivers/STM32F1xx_HAL_Driver/Src/stm32f1xx_hal_gpio.c 0x00000000   Number         0  stm32f1xx_hal_gpio.o ABSOLUTE
    ../Drivers/STM32F1xx_HAL_Driver/Src/stm32f1xx_hal_gpio_ex.c 0x00000000   Number         0  stm32f1xx_hal_gpio_ex.o ABSOLUTE
    ../Drivers/STM32F1xx_HAL_Driver/Src/stm32f1xx_hal_pwr.c 0x00000000   Number         0  stm32f1xx_hal_pwr.o ABSOLUTE
    ../Drivers/STM32F1xx_HAL_Driver/Src/stm32f1xx_hal_rcc.c 0x00000000   Number         0  stm32f1xx_hal_rcc.o ABSOLUTE
    ../Drivers/STM32F1xx_HAL_Driver/Src/stm32f1xx_hal_rcc_ex.c 0x00000000   Number         0  stm32f1xx_hal_rcc_ex.o ABSOLUTE
    ../Drivers/STM32F1xx_HAL_Driver/Src/stm32f1xx_hal_tim.c 0x00000000   Number         0  stm32f1xx_hal_tim.o ABSOLUTE
    ../Drivers/STM32F1xx_HAL_Driver/Src/stm32f1xx_hal_tim_ex.c 0x00000000   Number         0  stm32f1xx_hal_tim_ex.o ABSOLUTE
    ../Drivers/STM32F1xx_HAL_Driver/Src/stm32f1xx_hal_uart.c 0x00000000   Number         0  stm32f1xx_hal_uart.o ABSOLUTE
    ../clib/microlib/division.c              0x00000000   Number         0  uldiv.o ABSOLUTE
    ../clib/microlib/division.c              0x00000000   Number         0  uidiv.o ABSOLUTE
    ../clib/microlib/init/entry.s            0x00000000   Number         0  entry5.o ABSOLUTE
    ../clib/microlib/init/entry.s            0x00000000   Number         0  entry7b.o ABSOLUTE
    ../clib/microlib/init/entry.s            0x00000000   Number         0  entry11a.o ABSOLUTE
    ../clib/microlib/init/entry.s            0x00000000   Number         0  entry11b.o ABSOLUTE
    ../clib/microlib/init/entry.s            0x00000000   Number         0  entry9a.o ABSOLUTE
    ../clib/microlib/init/entry.s            0x00000000   Number         0  entry12b.o ABSOLUTE
    ../clib/microlib/init/entry.s            0x00000000   Number         0  entry12a.o ABSOLUTE
    ../clib/microlib/init/entry.s            0x00000000   Number         0  entry2.o ABSOLUTE
    ../clib/microlib/init/entry.s            0x00000000   Number         0  entry8b.o ABSOLUTE
    ../clib/microlib/init/entry.s            0x00000000   Number         0  entry10b.o ABSOLUTE
    ../clib/microlib/init/entry.s            0x00000000   Number         0  entry.o ABSOLUTE
    ../clib/microlib/init/entry.s            0x00000000   Number         0  entry7a.o ABSOLUTE
    ../clib/microlib/init/entry.s            0x00000000   Number         0  entry8a.o ABSOLUTE
    ../clib/microlib/init/entry.s            0x00000000   Number         0  entry10a.o ABSOLUTE
    ../clib/microlib/init/entry.s            0x00000000   Number         0  entry9b.o ABSOLUTE
    ../clib/microlib/longlong.c              0x00000000   Number         0  llushr.o ABSOLUTE
    ../clib/microlib/longlong.c              0x00000000   Number         0  llshl.o ABSOLUTE
    ../clib/microlib/longlong.c              0x00000000   Number         0  llsshr.o ABSOLUTE
    ../clib/microlib/printf/printf.c         0x00000000   Number         0  printf4.o ABSOLUTE
    ../clib/microlib/printf/printf.c         0x00000000   Number         0  printf2.o ABSOLUTE
    ../clib/microlib/printf/printf.c         0x00000000   Number         0  printf6.o ABSOLUTE
    ../clib/microlib/printf/printf.c         0x00000000   Number         0  printf3.o ABSOLUTE
    ../clib/microlib/printf/printf.c         0x00000000   Number         0  printf0.o ABSOLUTE
    ../clib/microlib/printf/printf.c         0x00000000   Number         0  printfb.o ABSOLUTE
    ../clib/microlib/printf/printf.c         0x00000000   Number         0  printfa.o ABSOLUTE
    ../clib/microlib/printf/printf.c         0x00000000   Number         0  printf1.o ABSOLUTE
    ../clib/microlib/printf/printf.c         0x00000000   Number         0  printf5.o ABSOLUTE
    ../clib/microlib/printf/printf.c         0x00000000   Number         0  printf8.o ABSOLUTE
    ../clib/microlib/printf/printf.c         0x00000000   Number         0  printf7.o ABSOLUTE
    ../clib/microlib/printf/stubs.s          0x00000000   Number         0  stubs.o ABSOLUTE
    ../clib/microlib/stdio/streams.c         0x00000000   Number         0  stdout.o ABSOLUTE
    ../clib/microlib/string/memset.c         0x00000000   Number         0  memseta.o ABSOLUTE
    ../clib/microlib/stubs.s                 0x00000000   Number         0  iusefp.o ABSOLUTE
    ../fplib/microlib/d2f.c                  0x00000000   Number         0  d2f.o ABSOLUTE
    ../fplib/microlib/fpadd.c                0x00000000   Number         0  dadd.o ABSOLUTE
    ../fplib/microlib/fpdiv.c                0x00000000   Number         0  ddiv.o ABSOLUTE
    ../fplib/microlib/fpepilogue.c           0x00000000   Number         0  fepilogue.o ABSOLUTE
    ../fplib/microlib/fpepilogue.c           0x00000000   Number         0  depilogue.o ABSOLUTE
    ../fplib/microlib/fpfix.c                0x00000000   Number         0  ffixi.o ABSOLUTE
    ../fplib/microlib/fpfix.c                0x00000000   Number         0  dfixul.o ABSOLUTE
    ../fplib/microlib/fpflt.c                0x00000000   Number         0  dfltui.o ABSOLUTE
    ../fplib/microlib/fpmul.c                0x00000000   Number         0  dmul.o ABSOLUTE
    ../fplib/microlib/fpmul.c                0x00000000   Number         0  fmul.o ABSOLUTE
    ..\Core\Src\adc.c                        0x00000000   Number         0  adc.o ABSOLUTE
    ..\Core\Src\gpio.c                       0x00000000   Number         0  gpio.o ABSOLUTE
    ..\Core\Src\main.c                       0x00000000   Number         0  main.o ABSOLUTE
    ..\Core\Src\stm32f1xx_hal_msp.c          0x00000000   Number         0  stm32f1xx_hal_msp.o ABSOLUTE
    ..\Core\Src\stm32f1xx_it.c               0x00000000   Number         0  stm32f1xx_it.o ABSOLUTE
    ..\Core\Src\system_stm32f1xx.c           0x00000000   Number         0  system_stm32f1xx.o ABSOLUTE
    ..\Core\Src\tim.c                        0x00000000   Number         0  tim.o ABSOLUTE
    ..\Core\Src\usart.c                      0x00000000   Number         0  usart.o ABSOLUTE
    ..\Drivers\STM32F1xx_HAL_Driver\Src\stm32f1xx_hal.c 0x00000000   Number         0  stm32f1xx_hal.o ABSOLUTE
    ..\Drivers\STM32F1xx_HAL_Driver\Src\stm32f1xx_hal_adc.c 0x00000000   Number         0  stm32f1xx_hal_adc.o ABSOLUTE
    ..\Drivers\STM32F1xx_HAL_Driver\Src\stm32f1xx_hal_adc_ex.c 0x00000000   Number         0  stm32f1xx_hal_adc_ex.o ABSOLUTE
    ..\Drivers\STM32F1xx_HAL_Driver\Src\stm32f1xx_hal_cortex.c 0x00000000   Number         0  stm32f1xx_hal_cortex.o ABSOLUTE
    ..\Drivers\STM32F1xx_HAL_Driver\Src\stm32f1xx_hal_dma.c 0x00000000   Number         0  stm32f1xx_hal_dma.o ABSOLUTE
    ..\Drivers\STM32F1xx_HAL_Driver\Src\stm32f1xx_hal_exti.c 0x00000000   Number         0  stm32f1xx_hal_exti.o ABSOLUTE
    ..\Drivers\STM32F1xx_HAL_Driver\Src\stm32f1xx_hal_flash.c 0x00000000   Number         0  stm32f1xx_hal_flash.o ABSOLUTE
    ..\Drivers\STM32F1xx_HAL_Driver\Src\stm32f1xx_hal_flash_ex.c 0x00000000   Number         0  stm32f1xx_hal_flash_ex.o ABSOLUTE
    ..\Drivers\STM32F1xx_HAL_Driver\Src\stm32f1xx_hal_gpio.c 0x00000000   Number         0  stm32f1xx_hal_gpio.o ABSOLUTE
    ..\Drivers\STM32F1xx_HAL_Driver\Src\stm32f1xx_hal_gpio_ex.c 0x00000000   Number         0  stm32f1xx_hal_gpio_ex.o ABSOLUTE
    ..\Drivers\STM32F1xx_HAL_Driver\Src\stm32f1xx_hal_pwr.c 0x00000000   Number         0  stm32f1xx_hal_pwr.o ABSOLUTE
    ..\Drivers\STM32F1xx_HAL_Driver\Src\stm32f1xx_hal_rcc.c 0x00000000   Number         0  stm32f1xx_hal_rcc.o ABSOLUTE
    ..\Drivers\STM32F1xx_HAL_Driver\Src\stm32f1xx_hal_rcc_ex.c 0x00000000   Number         0  stm32f1xx_hal_rcc_ex.o ABSOLUTE
    ..\Drivers\STM32F1xx_HAL_Driver\Src\stm32f1xx_hal_tim.c 0x00000000   Number         0  stm32f1xx_hal_tim.o ABSOLUTE
    ..\Drivers\STM32F1xx_HAL_Driver\Src\stm32f1xx_hal_tim_ex.c 0x00000000   Number         0  stm32f1xx_hal_tim_ex.o ABSOLUTE
    ..\Drivers\STM32F1xx_HAL_Driver\Src\stm32f1xx_hal_uart.c 0x00000000   Number         0  stm32f1xx_hal_uart.o ABSOLUTE
    ..\Hardware\DHT11.c                      0x00000000   Number         0  dht11.o ABSOLUTE
    ..\Hardware\at24c02.c                    0x00000000   Number         0  at24c02.o ABSOLUTE
    ..\Hardware\keyboard.c                   0x00000000   Number         0  keyboard.o ABSOLUTE
    ..\Hardware\lcd12864.c                   0x00000000   Number         0  lcd12864.o ABSOLUTE
    ..\Hardware\lcd1602.c                    0x00000000   Number         0  lcd1602.o ABSOLUTE
    ..\Hardware\oled.c                       0x00000000   Number         0  oled.o ABSOLUTE
    ..\Hardware\step_motor.c                 0x00000000   Number         0  step_motor.o ABSOLUTE
    ..\\Hardware\\DHT11.c                    0x00000000   Number         0  dht11.o ABSOLUTE
    ..\\Hardware\\at24c02.c                  0x00000000   Number         0  at24c02.o ABSOLUTE
    ..\\Hardware\\keyboard.c                 0x00000000   Number         0  keyboard.o ABSOLUTE
    ..\\Hardware\\lcd12864.c                 0x00000000   Number         0  lcd12864.o ABSOLUTE
    ..\\Hardware\\lcd1602.c                  0x00000000   Number         0  lcd1602.o ABSOLUTE
    ..\\Hardware\\oled.c                     0x00000000   Number         0  oled.o ABSOLUTE
    ..\\Hardware\\step_motor.c               0x00000000   Number         0  step_motor.o ABSOLUTE
    cdrcmple.s                               0x00000000   Number         0  cdrcmple.o ABSOLUTE
    dc.s                                     0x00000000   Number         0  dc.o ABSOLUTE
    handlers.s                               0x00000000   Number         0  handlers.o ABSOLUTE
    init.s                                   0x00000000   Number         0  init.o ABSOLUTE
    startup_stm32f103x6.s                    0x00000000   Number         0  startup_stm32f103x6.o ABSOLUTE
    RESET                                    0x08000000   Section      236  startup_stm32f103x6.o(RESET)
    .ARM.Collect$$$$00000000                 0x080000ec   Section        0  entry.o(.ARM.Collect$$$$00000000)
    .ARM.Collect$$$$00000001                 0x080000ec   Section        4  entry2.o(.ARM.Collect$$$$00000001)
    .ARM.Collect$$$$00000004                 0x080000f0   Section        4  entry5.o(.ARM.Collect$$$$00000004)
    .ARM.Collect$$$$00000008                 0x080000f4   Section        0  entry7b.o(.ARM.Collect$$$$00000008)
    .ARM.Collect$$$$0000000A                 0x080000f4   Section        0  entry8b.o(.ARM.Collect$$$$0000000A)
    .ARM.Collect$$$$0000000B                 0x080000f4   Section        8  entry9a.o(.ARM.Collect$$$$0000000B)
    .ARM.Collect$$$$0000000E                 0x080000fc   Section        4  entry12b.o(.ARM.Collect$$$$0000000E)
    .ARM.Collect$$$$0000000F                 0x08000100   Section        0  entry10a.o(.ARM.Collect$$$$0000000F)
    .ARM.Collect$$$$00000011                 0x08000100   Section        0  entry11a.o(.ARM.Collect$$$$00000011)
    .ARM.Collect$$$$00002712                 0x08000100   Section        4  entry2.o(.ARM.Collect$$$$00002712)
    __lit__00000000                          0x08000100   Data           4  entry2.o(.ARM.Collect$$$$00002712)
    .text                                    0x08000104   Section       36  startup_stm32f103x6.o(.text)
    .text                                    0x08000128   Section        0  llushr.o(.text)
    .text                                    0x08000148   Section        0  memseta.o(.text)
    .text                                    0x0800016c   Section        0  fmul.o(.text)
    .text                                    0x080001d0   Section        0  dmul.o(.text)
    .text                                    0x080002b4   Section        0  ddiv.o(.text)
    .text                                    0x08000392   Section        0  dfltui.o(.text)
    .text                                    0x080003ac   Section        0  ffixi.o(.text)
    .text                                    0x080003de   Section        0  d2f.o(.text)
    .text                                    0x08000416   Section        0  uidiv.o(.text)
    .text                                    0x08000442   Section        0  fepilogue.o(.text)
    .text                                    0x08000442   Section        0  iusefp.o(.text)
    .text                                    0x080004b0   Section        0  depilogue.o(.text)
    .text                                    0x0800056c   Section       36  init.o(.text)
    .text                                    0x08000590   Section        0  llshl.o(.text)
    i.ADC_ConversionStop_Disable             0x080005b0   Section        0  stm32f1xx_hal_adc.o(i.ADC_ConversionStop_Disable)
    i.ADC_Enable                             0x08000608   Section        0  stm32f1xx_hal_adc.o(i.ADC_Enable)
    i.ADC_Get                                0x08000684   Section        0  main.o(i.ADC_Get)
    i.AT24C02_Init                           0x080006b0   Section        0  at24c02.o(i.AT24C02_Init)
    i.AT24C02_Read                           0x08000700   Section        0  at24c02.o(i.AT24C02_Read)
    i.AT24C02_Write                          0x08000754   Section        0  at24c02.o(i.AT24C02_Write)
    i.BusFault_Handler                       0x08000792   Section        0  stm32f1xx_it.o(i.BusFault_Handler)
    i.DHT11_Check                            0x08000794   Section        0  dht11.o(i.DHT11_Check)
    i.DHT11_IO_IN                            0x080007f0   Section        0  dht11.o(i.DHT11_IO_IN)
    i.DHT11_IO_OUT                           0x08000810   Section        0  dht11.o(i.DHT11_IO_OUT)
    i.DHT11_Init                             0x08000834   Section        0  dht11.o(i.DHT11_Init)
    i.DHT11_Read_Bit                         0x08000844   Section        0  dht11.o(i.DHT11_Read_Bit)
    i.DHT11_Read_Byte                        0x080008a0   Section        0  dht11.o(i.DHT11_Read_Byte)
    i.DHT11_Read_Data                        0x080008ba   Section        0  dht11.o(i.DHT11_Read_Data)
    i.DHT11_Rst                              0x0800090c   Section        0  dht11.o(i.DHT11_Rst)
    i.DebugMon_Handler                       0x08000940   Section        0  stm32f1xx_it.o(i.DebugMon_Handler)
    i.Error_Handler                          0x08000942   Section        0  main.o(i.Error_Handler)
    i.F12864_clear                           0x08000946   Section        0  lcd12864.o(i.F12864_clear)
    i.F12864_init                            0x08000980   Section        0  lcd12864.o(i.F12864_init)
    i.HAL_ADC_ConfigChannel                  0x080009d8   Section        0  stm32f1xx_hal_adc.o(i.HAL_ADC_ConfigChannel)
    i.HAL_ADC_GetState                       0x08000ad4   Section        0  stm32f1xx_hal_adc.o(i.HAL_ADC_GetState)
    i.HAL_ADC_GetValue                       0x08000ad8   Section        0  stm32f1xx_hal_adc.o(i.HAL_ADC_GetValue)
    i.HAL_ADC_Init                           0x08000ae0   Section        0  stm32f1xx_hal_adc.o(i.HAL_ADC_Init)
    i.HAL_ADC_MspInit                        0x08000bfc   Section        0  adc.o(i.HAL_ADC_MspInit)
    i.HAL_ADC_PollForConversion              0x08000c54   Section        0  stm32f1xx_hal_adc.o(i.HAL_ADC_PollForConversion)
    i.HAL_ADC_Start                          0x08000d90   Section        0  stm32f1xx_hal_adc.o(i.HAL_ADC_Start)
    i.HAL_Delay                              0x08000e50   Section        0  stm32f1xx_hal.o(i.HAL_Delay)
    i.HAL_GPIO_Init                          0x08000e74   Section        0  stm32f1xx_hal_gpio.o(i.HAL_GPIO_Init)
    i.HAL_GPIO_ReadPin                       0x08001034   Section        0  stm32f1xx_hal_gpio.o(i.HAL_GPIO_ReadPin)
    i.HAL_GPIO_TogglePin                     0x0800103e   Section        0  stm32f1xx_hal_gpio.o(i.HAL_GPIO_TogglePin)
    i.HAL_GPIO_WritePin                      0x0800104e   Section        0  stm32f1xx_hal_gpio.o(i.HAL_GPIO_WritePin)
    i.HAL_GetTick                            0x08001058   Section        0  stm32f1xx_hal.o(i.HAL_GetTick)
    i.HAL_IncTick                            0x08001064   Section        0  stm32f1xx_hal.o(i.HAL_IncTick)
    i.HAL_Init                               0x08001074   Section        0  stm32f1xx_hal.o(i.HAL_Init)
    i.HAL_InitTick                           0x08001098   Section        0  stm32f1xx_hal.o(i.HAL_InitTick)
    i.HAL_MspInit                            0x080010d8   Section        0  stm32f1xx_hal_msp.o(i.HAL_MspInit)
    i.HAL_NVIC_EnableIRQ                     0x08001104   Section        0  stm32f1xx_hal_cortex.o(i.HAL_NVIC_EnableIRQ)
    i.HAL_NVIC_SetPriority                   0x08001120   Section        0  stm32f1xx_hal_cortex.o(i.HAL_NVIC_SetPriority)
    i.HAL_NVIC_SetPriorityGrouping           0x08001160   Section        0  stm32f1xx_hal_cortex.o(i.HAL_NVIC_SetPriorityGrouping)
    i.HAL_RCCEx_GetPeriphCLKFreq             0x08001184   Section        0  stm32f1xx_hal_rcc_ex.o(i.HAL_RCCEx_GetPeriphCLKFreq)
    i.HAL_RCCEx_PeriphCLKConfig              0x08001228   Section        0  stm32f1xx_hal_rcc_ex.o(i.HAL_RCCEx_PeriphCLKConfig)
    i.HAL_RCC_ClockConfig                    0x08001314   Section        0  stm32f1xx_hal_rcc.o(i.HAL_RCC_ClockConfig)
    i.HAL_RCC_GetHCLKFreq                    0x08001440   Section        0  stm32f1xx_hal_rcc.o(i.HAL_RCC_GetHCLKFreq)
    i.HAL_RCC_GetPCLK1Freq                   0x0800144c   Section        0  stm32f1xx_hal_rcc.o(i.HAL_RCC_GetPCLK1Freq)
    i.HAL_RCC_GetPCLK2Freq                   0x0800146c   Section        0  stm32f1xx_hal_rcc.o(i.HAL_RCC_GetPCLK2Freq)
    i.HAL_RCC_GetSysClockFreq                0x0800148c   Section        0  stm32f1xx_hal_rcc.o(i.HAL_RCC_GetSysClockFreq)
    i.HAL_RCC_OscConfig                      0x080014d8   Section        0  stm32f1xx_hal_rcc.o(i.HAL_RCC_OscConfig)
    i.HAL_SYSTICK_Config                     0x080017f8   Section        0  stm32f1xx_hal_cortex.o(i.HAL_SYSTICK_Config)
    i.HAL_TIMEx_BreakCallback                0x08001820   Section        0  stm32f1xx_hal_tim_ex.o(i.HAL_TIMEx_BreakCallback)
    i.HAL_TIMEx_CommutCallback               0x08001822   Section        0  stm32f1xx_hal_tim_ex.o(i.HAL_TIMEx_CommutCallback)
    i.HAL_TIMEx_MasterConfigSynchronization  0x08001824   Section        0  stm32f1xx_hal_tim_ex.o(i.HAL_TIMEx_MasterConfigSynchronization)
    i.HAL_TIM_Base_Init                      0x08001884   Section        0  stm32f1xx_hal_tim.o(i.HAL_TIM_Base_Init)
    i.HAL_TIM_Base_MspInit                   0x080018e0   Section        0  tim.o(i.HAL_TIM_Base_MspInit)
    i.HAL_TIM_Base_Start_IT                  0x0800191c   Section        0  stm32f1xx_hal_tim.o(i.HAL_TIM_Base_Start_IT)
    i.HAL_TIM_ConfigClockSource              0x0800196c   Section        0  stm32f1xx_hal_tim.o(i.HAL_TIM_ConfigClockSource)
    i.HAL_TIM_IC_CaptureCallback             0x08001a48   Section        0  stm32f1xx_hal_tim.o(i.HAL_TIM_IC_CaptureCallback)
    i.HAL_TIM_IRQHandler                     0x08001a4a   Section        0  stm32f1xx_hal_tim.o(i.HAL_TIM_IRQHandler)
    i.HAL_TIM_OC_DelayElapsedCallback        0x08001bb0   Section        0  stm32f1xx_hal_tim.o(i.HAL_TIM_OC_DelayElapsedCallback)
    i.HAL_TIM_PWM_PulseFinishedCallback      0x08001bb2   Section        0  stm32f1xx_hal_tim.o(i.HAL_TIM_PWM_PulseFinishedCallback)
    i.HAL_TIM_PeriodElapsedCallback          0x08001bb4   Section        0  main.o(i.HAL_TIM_PeriodElapsedCallback)
    i.HAL_TIM_TriggerCallback                0x08001be4   Section        0  stm32f1xx_hal_tim.o(i.HAL_TIM_TriggerCallback)
    i.HAL_UART_Init                          0x08001be6   Section        0  stm32f1xx_hal_uart.o(i.HAL_UART_Init)
    i.HAL_UART_MspInit                       0x08001c4c   Section        0  usart.o(i.HAL_UART_MspInit)
    i.HAL_UART_Transmit                      0x08001cbc   Section        0  stm32f1xx_hal_uart.o(i.HAL_UART_Transmit)
    i.HardFault_Handler                      0x08001d56   Section        0  stm32f1xx_it.o(i.HardFault_Handler)
    i.I2CReceiveByte                         0x08001d58   Section        0  at24c02.o(i.I2CReceiveByte)
    i.I2CSendAck                             0x08001daa   Section        0  at24c02.o(i.I2CSendAck)
    i.I2CSendByte                            0x08001dde   Section        0  at24c02.o(i.I2CSendByte)
    i.I2CSendNotAck                          0x08001e30   Section        0  at24c02.o(i.I2CSendNotAck)
    i.I2CStart                               0x08001e5e   Section        0  at24c02.o(i.I2CStart)
    i.I2CStop                                0x08001e98   Section        0  at24c02.o(i.I2CStop)
    i.I2CWaitAck                             0x08001ed2   Section        0  at24c02.o(i.I2CWaitAck)
    i.I2C_Start                              0x08001f28   Section        0  oled.o(i.I2C_Start)
    i.I2C_Stop                               0x08001f44   Section        0  oled.o(i.I2C_Stop)
    i.I2C_WaitAck                            0x08001f5c   Section        0  oled.o(i.I2C_WaitAck)
    i.LCD12864_Init                          0x08001f74   Section        0  lcd12864.o(i.LCD12864_Init)
    i.LCD_Clear                              0x08001fd4   Section        0  lcd1602.o(i.LCD_Clear)
    i.LCD_Cmd                                0x08001fe8   Section        0  lcd1602.o(i.LCD_Cmd)
    LCD_Cmd                                  0x08001fe9   Thumb Code    42  lcd1602.o(i.LCD_Cmd)
    i.LCD_CursorSet                          0x08002018   Section        0  lcd1602.o(i.LCD_CursorSet)
    LCD_CursorSet                            0x08002019   Thumb Code    38  lcd1602.o(i.LCD_CursorSet)
    i.LCD_Data                               0x08002048   Section        0  lcd1602.o(i.LCD_Data)
    LCD_Data                                 0x08002049   Thumb Code    42  lcd1602.o(i.LCD_Data)
    i.LCD_Delay_us                           0x08002078   Section        0  lcd1602.o(i.LCD_Delay_us)
    i.LCD_DisplayOn                          0x080020d4   Section        0  lcd1602.o(i.LCD_DisplayOn)
    i.LCD_EnBlink                            0x080020ec   Section        0  lcd1602.o(i.LCD_EnBlink)
    LCD_EnBlink                              0x080020ed   Thumb Code    40  lcd1602.o(i.LCD_EnBlink)
    i.LCD_Init                               0x08002118   Section        0  lcd1602.o(i.LCD_Init)
    i.LCD_Puts                               0x08002198   Section        0  lcd1602.o(i.LCD_Puts)
    i.MX_ADC1_Init                           0x080021f4   Section        0  adc.o(i.MX_ADC1_Init)
    i.MX_GPIO_Init                           0x0800225c   Section        0  gpio.o(i.MX_GPIO_Init)
    i.MX_TIM3_Init                           0x080022dc   Section        0  tim.o(i.MX_TIM3_Init)
    i.MX_USART1_UART_Init                    0x08002344   Section        0  usart.o(i.MX_USART1_UART_Init)
    i.MemManage_Handler                      0x0800237c   Section        0  stm32f1xx_it.o(i.MemManage_Handler)
    i.NMI_Handler                            0x0800237e   Section        0  stm32f1xx_it.o(i.NMI_Handler)
    i.OLED_Clear                             0x08002380   Section        0  oled.o(i.OLED_Clear)
    i.OLED_DrawCircle                        0x080023ac   Section        0  oled.o(i.OLED_DrawCircle)
    i.OLED_DrawLine                          0x08002470   Section        0  oled.o(i.OLED_DrawLine)
    i.OLED_DrawPoint                         0x0800250c   Section        0  oled.o(i.OLED_DrawPoint)
    i.OLED_Init                              0x08002538   Section        0  oled.o(i.OLED_Init)
    i.OLED_Refresh                           0x0800265c   Section        0  oled.o(i.OLED_Refresh)
    i.OLED_WR_Byte                           0x080026c4   Section        0  oled.o(i.OLED_WR_Byte)
    i.PendSV_Handler                         0x080026fa   Section        0  stm32f1xx_it.o(i.PendSV_Handler)
    i.SCL_Output                             0x080026fc   Section        0  at24c02.o(i.SCL_Output)
    i.SDA_Input                              0x08002714   Section        0  at24c02.o(i.SDA_Input)
    i.SDA_Input_Mode                         0x08002724   Section        0  at24c02.o(i.SDA_Input_Mode)
    i.SDA_Output                             0x08002754   Section        0  at24c02.o(i.SDA_Output)
    i.SDA_Output_Mode                        0x0800276c   Section        0  at24c02.o(i.SDA_Output_Mode)
    i.SVC_Handler                            0x080027a0   Section        0  stm32f1xx_it.o(i.SVC_Handler)
    i.Send_Byte                              0x080027a4   Section        0  oled.o(i.Send_Byte)
    i.SysTick_Handler                        0x080027d4   Section        0  stm32f1xx_it.o(i.SysTick_Handler)
    i.SystemClock_Config                     0x080027d8   Section        0  main.o(i.SystemClock_Config)
    i.SystemInit                             0x08002840   Section        0  system_stm32f1xx.o(i.SystemInit)
    i.TIM3_IRQHandler                        0x08002844   Section        0  stm32f1xx_it.o(i.TIM3_IRQHandler)
    i.TIM_Base_SetConfig                     0x08002850   Section        0  stm32f1xx_hal_tim.o(i.TIM_Base_SetConfig)
    i.TIM_ETR_SetConfig                      0x080028ac   Section        0  stm32f1xx_hal_tim.o(i.TIM_ETR_SetConfig)
    i.TIM_ITRx_SetConfig                     0x080028c0   Section        0  stm32f1xx_hal_tim.o(i.TIM_ITRx_SetConfig)
    TIM_ITRx_SetConfig                       0x080028c1   Thumb Code    16  stm32f1xx_hal_tim.o(i.TIM_ITRx_SetConfig)
    i.TIM_TI1_ConfigInputStage               0x080028d0   Section        0  stm32f1xx_hal_tim.o(i.TIM_TI1_ConfigInputStage)
    TIM_TI1_ConfigInputStage                 0x080028d1   Thumb Code    34  stm32f1xx_hal_tim.o(i.TIM_TI1_ConfigInputStage)
    i.TIM_TI2_ConfigInputStage               0x080028f2   Section        0  stm32f1xx_hal_tim.o(i.TIM_TI2_ConfigInputStage)
    TIM_TI2_ConfigInputStage                 0x080028f3   Thumb Code    36  stm32f1xx_hal_tim.o(i.TIM_TI2_ConfigInputStage)
    i.UART_SetConfig                         0x08002918   Section        0  stm32f1xx_hal_uart.o(i.UART_SetConfig)
    UART_SetConfig                           0x08002919   Thumb Code   178  stm32f1xx_hal_uart.o(i.UART_SetConfig)
    i.UART_WaitOnFlagUntilTimeout            0x080029d0   Section        0  stm32f1xx_hal_uart.o(i.UART_WaitOnFlagUntilTimeout)
    UART_WaitOnFlagUntilTimeout              0x080029d1   Thumb Code   120  stm32f1xx_hal_uart.o(i.UART_WaitOnFlagUntilTimeout)
    i.UsageFault_Handler                     0x08002a48   Section        0  stm32f1xx_it.o(i.UsageFault_Handler)
    i.__0printf$6                            0x08002a4c   Section        0  printf6.o(i.__0printf$6)
    i.__0sprintf$6                           0x08002a6c   Section        0  printf6.o(i.__0sprintf$6)
    i.__NVIC_SetPriority                     0x08002a94   Section        0  stm32f1xx_hal_cortex.o(i.__NVIC_SetPriority)
    __NVIC_SetPriority                       0x08002a95   Thumb Code    32  stm32f1xx_hal_cortex.o(i.__NVIC_SetPriority)
    i.__scatterload_copy                     0x08002ab4   Section       14  handlers.o(i.__scatterload_copy)
    i.__scatterload_null                     0x08002ac2   Section        2  handlers.o(i.__scatterload_null)
    i.__scatterload_zeroinit                 0x08002ac4   Section       14  handlers.o(i.__scatterload_zeroinit)
    i._printf_core                           0x08002ad4   Section        0  printf6.o(i._printf_core)
    _printf_core                             0x08002ad5   Thumb Code   748  printf6.o(i._printf_core)
    i._printf_post_padding                   0x08002dc4   Section        0  printf6.o(i._printf_post_padding)
    _printf_post_padding                     0x08002dc5   Thumb Code    36  printf6.o(i._printf_post_padding)
    i._printf_pre_padding                    0x08002de8   Section        0  printf6.o(i._printf_pre_padding)
    _printf_pre_padding                      0x08002de9   Thumb Code    46  printf6.o(i._printf_pre_padding)
    i._sputc                                 0x08002e16   Section        0  printf6.o(i._sputc)
    _sputc                                   0x08002e17   Thumb Code    10  printf6.o(i._sputc)
    i.delay1                                 0x08002e20   Section        0  at24c02.o(i.delay1)
    i.delay_us                               0x08002e2c   Section        0  dht11.o(i.delay_us)
    i.draw_char                              0x08002e48   Section        0  lcd12864.o(i.draw_char)
    i.fputc                                  0x08002e94   Section        0  main.o(i.fputc)
    i.key_scan                               0x08002eac   Section        0  keyboard.o(i.key_scan)
    i.keyboard_init                          0x08002fb0   Section        0  keyboard.o(i.keyboard_init)
    i.main                                   0x08003010   Section        0  main.o(i.main)
    i.show_ascii_str                         0x08003264   Section        0  lcd12864.o(i.show_ascii_str)
    i.step_motor_angle_set                   0x08003288   Section        0  step_motor.o(i.step_motor_angle_set)
    i.step_motor_init                        0x080032dc   Section        0  step_motor.o(i.step_motor_init)
    i.wait                                   0x0800332c   Section        0  lcd12864.o(i.wait)
    i.write_commond                          0x08003338   Section        0  lcd12864.o(i.write_commond)
    i.write_date                             0x08003370   Section        0  lcd12864.o(i.write_date)
    i.write_dc                               0x080033a8   Section        0  lcd12864.o(i.write_dc)
    i.write_ddc                              0x080033bc   Section        0  lcd12864.o(i.write_ddc)
    .constdata                               0x080033d8   Section       16  main.o(.constdata)
    .constdata                               0x080033e8   Section       18  stm32f1xx_hal_rcc.o(.constdata)
    aPredivFactorTable                       0x080033e8   Data           2  stm32f1xx_hal_rcc.o(.constdata)
    aPLLMULFactorTable                       0x080033ea   Data          16  stm32f1xx_hal_rcc.o(.constdata)
    .constdata                               0x080033fa   Section       18  stm32f1xx_hal_rcc_ex.o(.constdata)
    aPredivFactorTable                       0x080033fa   Data           2  stm32f1xx_hal_rcc_ex.o(.constdata)
    aPLLMULFactorTable                       0x080033fc   Data          16  stm32f1xx_hal_rcc_ex.o(.constdata)
    .constdata                               0x0800340c   Section       16  system_stm32f1xx.o(.constdata)
    .constdata                               0x0800341c   Section        8  system_stm32f1xx.o(.constdata)
    .constdata                               0x08003424   Section     1520  lcd12864.o(.constdata)
    ASCII                                    0x08003424   Data        1520  lcd12864.o(.constdata)
    .data                                    0x20000000   Section       16  main.o(.data)
    .data                                    0x20000010   Section       12  stm32f1xx_hal.o(.data)
    .data                                    0x2000001c   Section        4  system_stm32f1xx.o(.data)
    .data                                    0x20000020   Section        5  lcd1602.o(.data)
    LCD_Opts                                 0x20000020   Data           5  lcd1602.o(.data)
    .data                                    0x20000025   Section        8  step_motor.o(.data)
    .data                                    0x20000030   Section        4  stdout.o(.data)
    .bss                                     0x20000034   Section       64  main.o(.bss)
    .bss                                     0x20000074   Section       48  adc.o(.bss)
    .bss                                     0x200000a4   Section       72  tim.o(.bss)
    .bss                                     0x200000ec   Section       72  usart.o(.bss)
    .bss                                     0x20000134   Section     1152  oled.o(.bss)
    STACK                                    0x200005b8   Section     1024  startup_stm32f103x6.o(STACK)

    Global Symbols

    Symbol Name                              Value     Ov Type        Size  Object(Section)

    BuildAttributes$$THM_ISAv4$P$D$K$B$S$PE$A:L22UL41UL21$X:L11$S22US41US21$IEEE1$IW$USESV6$~STKCKD$USESV7$~SHL$OTIME$ROPI$EBA8$MICROLIB$REQ8$PRES8$EABIv2 0x00000000   Number         0  anon$$obj.o ABSOLUTE
    __ARM_use_no_argv                        0x00000000   Number         0  main.o ABSOLUTE
    _printf_a                                0x00000000   Number         0  stubs.o ABSOLUTE
    _printf_c                                0x00000000   Number         0  stubs.o ABSOLUTE
    _printf_charcount                        0x00000000   Number         0  stubs.o ABSOLUTE
    _printf_d                                0x00000000   Number         0  stubs.o ABSOLUTE
    _printf_e                                0x00000000   Number         0  stubs.o ABSOLUTE
    _printf_f                                0x00000000   Number         0  stubs.o ABSOLUTE
    _printf_flags                            0x00000000   Number         0  stubs.o ABSOLUTE
    _printf_fp_dec                           0x00000000   Number         0  stubs.o ABSOLUTE
    _printf_fp_hex                           0x00000000   Number         0  stubs.o ABSOLUTE
    _printf_g                                0x00000000   Number         0  stubs.o ABSOLUTE
    _printf_i                                0x00000000   Number         0  stubs.o ABSOLUTE
    _printf_int_dec                          0x00000000   Number         0  stubs.o ABSOLUTE
    _printf_l                                0x00000000   Number         0  stubs.o ABSOLUTE
    _printf_lc                               0x00000000   Number         0  stubs.o ABSOLUTE
    _printf_ll                               0x00000000   Number         0  stubs.o ABSOLUTE
    _printf_lld                              0x00000000   Number         0  stubs.o ABSOLUTE
    _printf_lli                              0x00000000   Number         0  stubs.o ABSOLUTE
    _printf_llo                              0x00000000   Number         0  stubs.o ABSOLUTE
    _printf_llu                              0x00000000   Number         0  stubs.o ABSOLUTE
    _printf_llx                              0x00000000   Number         0  stubs.o ABSOLUTE
    _printf_longlong_dec                     0x00000000   Number         0  stubs.o ABSOLUTE
    _printf_longlong_hex                     0x00000000   Number         0  stubs.o ABSOLUTE
    _printf_longlong_oct                     0x00000000   Number         0  stubs.o ABSOLUTE
    _printf_ls                               0x00000000   Number         0  stubs.o ABSOLUTE
    _printf_mbtowc                           0x00000000   Number         0  stubs.o ABSOLUTE
    _printf_n                                0x00000000   Number         0  stubs.o ABSOLUTE
    _printf_o                                0x00000000   Number         0  stubs.o ABSOLUTE
    _printf_p                                0x00000000   Number         0  stubs.o ABSOLUTE
    _printf_percent                          0x00000000   Number         0  stubs.o ABSOLUTE
    _printf_pre_padding                      0x00000000   Number         0  stubs.o ABSOLUTE
    _printf_return_value                     0x00000000   Number         0  stubs.o ABSOLUTE
    _printf_s                                0x00000000   Number         0  stubs.o ABSOLUTE
    _printf_sizespec                         0x00000000   Number         0  stubs.o ABSOLUTE
    _printf_str                              0x00000000   Number         0  stubs.o ABSOLUTE
    _printf_truncate_signed                  0x00000000   Number         0  stubs.o ABSOLUTE
    _printf_truncate_unsigned                0x00000000   Number         0  stubs.o ABSOLUTE
    _printf_u                                0x00000000   Number         0  stubs.o ABSOLUTE
    _printf_wc                               0x00000000   Number         0  stubs.o ABSOLUTE
    _printf_wctomb                           0x00000000   Number         0  stubs.o ABSOLUTE
    _printf_widthprec                        0x00000000   Number         0  stubs.o ABSOLUTE
    _printf_x                                0x00000000   Number         0  stubs.o ABSOLUTE
    __arm_fini_                               - Undefined Weak Reference
    __cpp_initialize__aeabi_                  - Undefined Weak Reference
    __cxa_finalize                            - Undefined Weak Reference
    __decompress                              - Undefined Weak Reference
    _clock_init                               - Undefined Weak Reference
    _microlib_exit                            - Undefined Weak Reference
    __Vectors_Size                           0x000000ec   Number         0  startup_stm32f103x6.o ABSOLUTE
    __Vectors                                0x08000000   Data           4  startup_stm32f103x6.o(RESET)
    __Vectors_End                            0x080000ec   Data           0  startup_stm32f103x6.o(RESET)
    __main                                   0x080000ed   Thumb Code     0  entry.o(.ARM.Collect$$$$00000000)
    _main_stk                                0x080000ed   Thumb Code     0  entry2.o(.ARM.Collect$$$$00000001)
    _main_scatterload                        0x080000f1   Thumb Code     0  entry5.o(.ARM.Collect$$$$00000004)
    __main_after_scatterload                 0x080000f5   Thumb Code     0  entry5.o(.ARM.Collect$$$$00000004)
    _main_clock                              0x080000f5   Thumb Code     0  entry7b.o(.ARM.Collect$$$$00000008)
    _main_cpp_init                           0x080000f5   Thumb Code     0  entry8b.o(.ARM.Collect$$$$0000000A)
    _main_init                               0x080000f5   Thumb Code     0  entry9a.o(.ARM.Collect$$$$0000000B)
    __rt_lib_shutdown_fini                   0x080000fd   Thumb Code     0  entry12b.o(.ARM.Collect$$$$0000000E)
    __rt_final_cpp                           0x08000101   Thumb Code     0  entry10a.o(.ARM.Collect$$$$0000000F)
    __rt_final_exit                          0x08000101   Thumb Code     0  entry11a.o(.ARM.Collect$$$$00000011)
    Reset_Handler                            0x08000105   Thumb Code     8  startup_stm32f103x6.o(.text)
    ADC1_2_IRQHandler                        0x0800011f   Thumb Code     0  startup_stm32f103x6.o(.text)
    CAN1_RX1_IRQHandler                      0x0800011f   Thumb Code     0  startup_stm32f103x6.o(.text)
    CAN1_SCE_IRQHandler                      0x0800011f   Thumb Code     0  startup_stm32f103x6.o(.text)
    DMA1_Channel1_IRQHandler                 0x0800011f   Thumb Code     0  startup_stm32f103x6.o(.text)
    DMA1_Channel2_IRQHandler                 0x0800011f   Thumb Code     0  startup_stm32f103x6.o(.text)
    DMA1_Channel3_IRQHandler                 0x0800011f   Thumb Code     0  startup_stm32f103x6.o(.text)
    DMA1_Channel4_IRQHandler                 0x0800011f   Thumb Code     0  startup_stm32f103x6.o(.text)
    DMA1_Channel5_IRQHandler                 0x0800011f   Thumb Code     0  startup_stm32f103x6.o(.text)
    DMA1_Channel6_IRQHandler                 0x0800011f   Thumb Code     0  startup_stm32f103x6.o(.text)
    DMA1_Channel7_IRQHandler                 0x0800011f   Thumb Code     0  startup_stm32f103x6.o(.text)
    EXTI0_IRQHandler                         0x0800011f   Thumb Code     0  startup_stm32f103x6.o(.text)
    EXTI15_10_IRQHandler                     0x0800011f   Thumb Code     0  startup_stm32f103x6.o(.text)
    EXTI1_IRQHandler                         0x0800011f   Thumb Code     0  startup_stm32f103x6.o(.text)
    EXTI2_IRQHandler                         0x0800011f   Thumb Code     0  startup_stm32f103x6.o(.text)
    EXTI3_IRQHandler                         0x0800011f   Thumb Code     0  startup_stm32f103x6.o(.text)
    EXTI4_IRQHandler                         0x0800011f   Thumb Code     0  startup_stm32f103x6.o(.text)
    EXTI9_5_IRQHandler                       0x0800011f   Thumb Code     0  startup_stm32f103x6.o(.text)
    FLASH_IRQHandler                         0x0800011f   Thumb Code     0  startup_stm32f103x6.o(.text)
    I2C1_ER_IRQHandler                       0x0800011f   Thumb Code     0  startup_stm32f103x6.o(.text)
    I2C1_EV_IRQHandler                       0x0800011f   Thumb Code     0  startup_stm32f103x6.o(.text)
    PVD_IRQHandler                           0x0800011f   Thumb Code     0  startup_stm32f103x6.o(.text)
    RCC_IRQHandler                           0x0800011f   Thumb Code     0  startup_stm32f103x6.o(.text)
    RTC_Alarm_IRQHandler                     0x0800011f   Thumb Code     0  startup_stm32f103x6.o(.text)
    RTC_IRQHandler                           0x0800011f   Thumb Code     0  startup_stm32f103x6.o(.text)
    SPI1_IRQHandler                          0x0800011f   Thumb Code     0  startup_stm32f103x6.o(.text)
    TAMPER_IRQHandler                        0x0800011f   Thumb Code     0  startup_stm32f103x6.o(.text)
    TIM1_BRK_IRQHandler                      0x0800011f   Thumb Code     0  startup_stm32f103x6.o(.text)
    TIM1_CC_IRQHandler                       0x0800011f   Thumb Code     0  startup_stm32f103x6.o(.text)
    TIM1_TRG_COM_IRQHandler                  0x0800011f   Thumb Code     0  startup_stm32f103x6.o(.text)
    TIM1_UP_IRQHandler                       0x0800011f   Thumb Code     0  startup_stm32f103x6.o(.text)
    TIM2_IRQHandler                          0x0800011f   Thumb Code     0  startup_stm32f103x6.o(.text)
    USART1_IRQHandler                        0x0800011f   Thumb Code     0  startup_stm32f103x6.o(.text)
    USART2_IRQHandler                        0x0800011f   Thumb Code     0  startup_stm32f103x6.o(.text)
    USBWakeUp_IRQHandler                     0x0800011f   Thumb Code     0  startup_stm32f103x6.o(.text)
    USB_HP_CAN1_TX_IRQHandler                0x0800011f   Thumb Code     0  startup_stm32f103x6.o(.text)
    USB_LP_CAN1_RX0_IRQHandler               0x0800011f   Thumb Code     0  startup_stm32f103x6.o(.text)
    WWDG_IRQHandler                          0x0800011f   Thumb Code     0  startup_stm32f103x6.o(.text)
    __aeabi_llsr                             0x08000129   Thumb Code    32  llushr.o(.text)
    _ll_ushift_r                             0x08000129   Thumb Code     0  llushr.o(.text)
    __aeabi_memset                           0x08000149   Thumb Code    14  memseta.o(.text)
    __aeabi_memset4                          0x08000149   Thumb Code     0  memseta.o(.text)
    __aeabi_memset8                          0x08000149   Thumb Code     0  memseta.o(.text)
    __aeabi_memclr                           0x08000157   Thumb Code     4  memseta.o(.text)
    __aeabi_memclr4                          0x08000157   Thumb Code     0  memseta.o(.text)
    __aeabi_memclr8                          0x08000157   Thumb Code     0  memseta.o(.text)
    _memset$wrapper                          0x0800015b   Thumb Code    18  memseta.o(.text)
    __aeabi_fmul                             0x0800016d   Thumb Code   100  fmul.o(.text)
    __aeabi_dmul                             0x080001d1   Thumb Code   228  dmul.o(.text)
    __aeabi_ddiv                             0x080002b5   Thumb Code   222  ddiv.o(.text)
    __aeabi_ui2d                             0x08000393   Thumb Code    26  dfltui.o(.text)
    __aeabi_f2iz                             0x080003ad   Thumb Code    50  ffixi.o(.text)
    __aeabi_d2f                              0x080003df   Thumb Code    56  d2f.o(.text)
    __aeabi_uidiv                            0x08000417   Thumb Code     0  uidiv.o(.text)
    __aeabi_uidivmod                         0x08000417   Thumb Code    44  uidiv.o(.text)
    __I$use$fp                               0x08000443   Thumb Code     0  iusefp.o(.text)
    _float_round                             0x08000443   Thumb Code    18  fepilogue.o(.text)
    _float_epilogue                          0x08000455   Thumb Code    92  fepilogue.o(.text)
    _double_round                            0x080004b1   Thumb Code    30  depilogue.o(.text)
    _double_epilogue                         0x080004cf   Thumb Code   156  depilogue.o(.text)
    __scatterload                            0x0800056d   Thumb Code    28  init.o(.text)
    __scatterload_rt2                        0x0800056d   Thumb Code     0  init.o(.text)
    __aeabi_llsl                             0x08000591   Thumb Code    30  llshl.o(.text)
    _ll_shift_l                              0x08000591   Thumb Code     0  llshl.o(.text)
    ADC_ConversionStop_Disable               0x080005b1   Thumb Code    86  stm32f1xx_hal_adc.o(i.ADC_ConversionStop_Disable)
    ADC_Enable                               0x08000609   Thumb Code   114  stm32f1xx_hal_adc.o(i.ADC_Enable)
    ADC_Get                                  0x08000685   Thumb Code    40  main.o(i.ADC_Get)
    AT24C02_Init                             0x080006b1   Thumb Code    72  at24c02.o(i.AT24C02_Init)
    AT24C02_Read                             0x08000701   Thumb Code    82  at24c02.o(i.AT24C02_Read)
    AT24C02_Write                            0x08000755   Thumb Code    62  at24c02.o(i.AT24C02_Write)
    BusFault_Handler                         0x08000793   Thumb Code     2  stm32f1xx_it.o(i.BusFault_Handler)
    DHT11_Check                              0x08000795   Thumb Code    88  dht11.o(i.DHT11_Check)
    DHT11_IO_IN                              0x080007f1   Thumb Code    26  dht11.o(i.DHT11_IO_IN)
    DHT11_IO_OUT                             0x08000811   Thumb Code    30  dht11.o(i.DHT11_IO_OUT)
    DHT11_Init                               0x08000835   Thumb Code    14  dht11.o(i.DHT11_Init)
    DHT11_Read_Bit                           0x08000845   Thumb Code    86  dht11.o(i.DHT11_Read_Bit)
    DHT11_Read_Byte                          0x080008a1   Thumb Code    26  dht11.o(i.DHT11_Read_Byte)
    DHT11_Read_Data                          0x080008bb   Thumb Code    80  dht11.o(i.DHT11_Read_Data)
    DHT11_Rst                                0x0800090d   Thumb Code    48  dht11.o(i.DHT11_Rst)
    DebugMon_Handler                         0x08000941   Thumb Code     2  stm32f1xx_it.o(i.DebugMon_Handler)
    Error_Handler                            0x08000943   Thumb Code     4  main.o(i.Error_Handler)
    F12864_clear                             0x08000947   Thumb Code    56  lcd12864.o(i.F12864_clear)
    F12864_init                              0x08000981   Thumb Code    82  lcd12864.o(i.F12864_init)
    HAL_ADC_ConfigChannel                    0x080009d9   Thumb Code   240  stm32f1xx_hal_adc.o(i.HAL_ADC_ConfigChannel)
    HAL_ADC_GetState                         0x08000ad5   Thumb Code     4  stm32f1xx_hal_adc.o(i.HAL_ADC_GetState)
    HAL_ADC_GetValue                         0x08000ad9   Thumb Code     6  stm32f1xx_hal_adc.o(i.HAL_ADC_GetValue)
    HAL_ADC_Init                             0x08000ae1   Thumb Code   272  stm32f1xx_hal_adc.o(i.HAL_ADC_Init)
    HAL_ADC_MspInit                          0x08000bfd   Thumb Code    74  adc.o(i.HAL_ADC_MspInit)
    HAL_ADC_PollForConversion                0x08000c55   Thumb Code   304  stm32f1xx_hal_adc.o(i.HAL_ADC_PollForConversion)
    HAL_ADC_Start                            0x08000d91   Thumb Code   184  stm32f1xx_hal_adc.o(i.HAL_ADC_Start)
    HAL_Delay                                0x08000e51   Thumb Code    32  stm32f1xx_hal.o(i.HAL_Delay)
    HAL_GPIO_Init                            0x08000e75   Thumb Code   418  stm32f1xx_hal_gpio.o(i.HAL_GPIO_Init)
    HAL_GPIO_ReadPin                         0x08001035   Thumb Code    10  stm32f1xx_hal_gpio.o(i.HAL_GPIO_ReadPin)
    HAL_GPIO_TogglePin                       0x0800103f   Thumb Code    16  stm32f1xx_hal_gpio.o(i.HAL_GPIO_TogglePin)
    HAL_GPIO_WritePin                        0x0800104f   Thumb Code    10  stm32f1xx_hal_gpio.o(i.HAL_GPIO_WritePin)
    HAL_GetTick                              0x08001059   Thumb Code     6  stm32f1xx_hal.o(i.HAL_GetTick)
    HAL_IncTick                              0x08001065   Thumb Code    12  stm32f1xx_hal.o(i.HAL_IncTick)
    HAL_Init                                 0x08001075   Thumb Code    32  stm32f1xx_hal.o(i.HAL_Init)
    HAL_InitTick                             0x08001099   Thumb Code    54  stm32f1xx_hal.o(i.HAL_InitTick)
    HAL_MspInit                              0x080010d9   Thumb Code    38  stm32f1xx_hal_msp.o(i.HAL_MspInit)
    HAL_NVIC_EnableIRQ                       0x08001105   Thumb Code    26  stm32f1xx_hal_cortex.o(i.HAL_NVIC_EnableIRQ)
    HAL_NVIC_SetPriority                     0x08001121   Thumb Code    60  stm32f1xx_hal_cortex.o(i.HAL_NVIC_SetPriority)
    HAL_NVIC_SetPriorityGrouping             0x08001161   Thumb Code    26  stm32f1xx_hal_cortex.o(i.HAL_NVIC_SetPriorityGrouping)
    HAL_RCCEx_GetPeriphCLKFreq               0x08001185   Thumb Code   148  stm32f1xx_hal_rcc_ex.o(i.HAL_RCCEx_GetPeriphCLKFreq)
    HAL_RCCEx_PeriphCLKConfig                0x08001229   Thumb Code   224  stm32f1xx_hal_rcc_ex.o(i.HAL_RCCEx_PeriphCLKConfig)
    HAL_RCC_ClockConfig                      0x08001315   Thumb Code   280  stm32f1xx_hal_rcc.o(i.HAL_RCC_ClockConfig)
    HAL_RCC_GetHCLKFreq                      0x08001441   Thumb Code     6  stm32f1xx_hal_rcc.o(i.HAL_RCC_GetHCLKFreq)
    HAL_RCC_GetPCLK1Freq                     0x0800144d   Thumb Code    20  stm32f1xx_hal_rcc.o(i.HAL_RCC_GetPCLK1Freq)
    HAL_RCC_GetPCLK2Freq                     0x0800146d   Thumb Code    20  stm32f1xx_hal_rcc.o(i.HAL_RCC_GetPCLK2Freq)
    HAL_RCC_GetSysClockFreq                  0x0800148d   Thumb Code    58  stm32f1xx_hal_rcc.o(i.HAL_RCC_GetSysClockFreq)
    HAL_RCC_OscConfig                        0x080014d9   Thumb Code   778  stm32f1xx_hal_rcc.o(i.HAL_RCC_OscConfig)
    HAL_SYSTICK_Config                       0x080017f9   Thumb Code    40  stm32f1xx_hal_cortex.o(i.HAL_SYSTICK_Config)
    HAL_TIMEx_BreakCallback                  0x08001821   Thumb Code     2  stm32f1xx_hal_tim_ex.o(i.HAL_TIMEx_BreakCallback)
    HAL_TIMEx_CommutCallback                 0x08001823   Thumb Code     2  stm32f1xx_hal_tim_ex.o(i.HAL_TIMEx_CommutCallback)
    HAL_TIMEx_MasterConfigSynchronization    0x08001825   Thumb Code    86  stm32f1xx_hal_tim_ex.o(i.HAL_TIMEx_MasterConfigSynchronization)
    HAL_TIM_Base_Init                        0x08001885   Thumb Code    90  stm32f1xx_hal_tim.o(i.HAL_TIM_Base_Init)
    HAL_TIM_Base_MspInit                     0x080018e1   Thumb Code    50  tim.o(i.HAL_TIM_Base_MspInit)
    HAL_TIM_Base_Start_IT                    0x0800191d   Thumb Code    70  stm32f1xx_hal_tim.o(i.HAL_TIM_Base_Start_IT)
    HAL_TIM_ConfigClockSource                0x0800196d   Thumb Code   220  stm32f1xx_hal_tim.o(i.HAL_TIM_ConfigClockSource)
    HAL_TIM_IC_CaptureCallback               0x08001a49   Thumb Code     2  stm32f1xx_hal_tim.o(i.HAL_TIM_IC_CaptureCallback)
    HAL_TIM_IRQHandler                       0x08001a4b   Thumb Code   358  stm32f1xx_hal_tim.o(i.HAL_TIM_IRQHandler)
    HAL_TIM_OC_DelayElapsedCallback          0x08001bb1   Thumb Code     2  stm32f1xx_hal_tim.o(i.HAL_TIM_OC_DelayElapsedCallback)
    HAL_TIM_PWM_PulseFinishedCallback        0x08001bb3   Thumb Code     2  stm32f1xx_hal_tim.o(i.HAL_TIM_PWM_PulseFinishedCallback)
    HAL_TIM_PeriodElapsedCallback            0x08001bb5   Thumb Code    34  main.o(i.HAL_TIM_PeriodElapsedCallback)
    HAL_TIM_TriggerCallback                  0x08001be5   Thumb Code     2  stm32f1xx_hal_tim.o(i.HAL_TIM_TriggerCallback)
    HAL_UART_Init                            0x08001be7   Thumb Code   100  stm32f1xx_hal_uart.o(i.HAL_UART_Init)
    HAL_UART_MspInit                         0x08001c4d   Thumb Code   100  usart.o(i.HAL_UART_MspInit)
    HAL_UART_Transmit                        0x08001cbd   Thumb Code   154  stm32f1xx_hal_uart.o(i.HAL_UART_Transmit)
    HardFault_Handler                        0x08001d57   Thumb Code     2  stm32f1xx_it.o(i.HardFault_Handler)
    I2CReceiveByte                           0x08001d59   Thumb Code    82  at24c02.o(i.I2CReceiveByte)
    I2CSendAck                               0x08001dab   Thumb Code    52  at24c02.o(i.I2CSendAck)
    I2CSendByte                              0x08001ddf   Thumb Code    82  at24c02.o(i.I2CSendByte)
    I2CSendNotAck                            0x08001e31   Thumb Code    46  at24c02.o(i.I2CSendNotAck)
    I2CStart                                 0x08001e5f   Thumb Code    58  at24c02.o(i.I2CStart)
    I2CStop                                  0x08001e99   Thumb Code    58  at24c02.o(i.I2CStop)
    I2CWaitAck                               0x08001ed3   Thumb Code    84  at24c02.o(i.I2CWaitAck)
    I2C_Start                                0x08001f29   Thumb Code    22  oled.o(i.I2C_Start)
    I2C_Stop                                 0x08001f45   Thumb Code    18  oled.o(i.I2C_Stop)
    I2C_WaitAck                              0x08001f5d   Thumb Code    18  oled.o(i.I2C_WaitAck)
    LCD12864_Init                            0x08001f75   Thumb Code    86  lcd12864.o(i.LCD12864_Init)
    LCD_Clear                                0x08001fd5   Thumb Code    18  lcd1602.o(i.LCD_Clear)
    LCD_Delay_us                             0x08002079   Thumb Code    90  lcd1602.o(i.LCD_Delay_us)
    LCD_DisplayOn                            0x080020d5   Thumb Code    18  lcd1602.o(i.LCD_DisplayOn)
    LCD_Init                                 0x08002119   Thumb Code   114  lcd1602.o(i.LCD_Init)
    LCD_Puts                                 0x08002199   Thumb Code    86  lcd1602.o(i.LCD_Puts)
    MX_ADC1_Init                             0x080021f5   Thumb Code    94  adc.o(i.MX_ADC1_Init)
    MX_GPIO_Init                             0x0800225d   Thumb Code   118  gpio.o(i.MX_GPIO_Init)
    MX_TIM3_Init                             0x080022dd   Thumb Code    96  tim.o(i.MX_TIM3_Init)
    MX_USART1_UART_Init                      0x08002345   Thumb Code    48  usart.o(i.MX_USART1_UART_Init)
    MemManage_Handler                        0x0800237d   Thumb Code     2  stm32f1xx_it.o(i.MemManage_Handler)
    NMI_Handler                              0x0800237f   Thumb Code     2  stm32f1xx_it.o(i.NMI_Handler)
    OLED_Clear                               0x08002381   Thumb Code    40  oled.o(i.OLED_Clear)
    OLED_DrawCircle                          0x080023ad   Thumb Code   196  oled.o(i.OLED_DrawCircle)
    OLED_DrawLine                            0x08002471   Thumb Code   156  oled.o(i.OLED_DrawLine)
    OLED_DrawPoint                           0x0800250d   Thumb Code    40  oled.o(i.OLED_DrawPoint)
    OLED_Init                                0x08002539   Thumb Code   284  oled.o(i.OLED_Init)
    OLED_Refresh                             0x0800265d   Thumb Code   100  oled.o(i.OLED_Refresh)
    OLED_WR_Byte                             0x080026c5   Thumb Code    54  oled.o(i.OLED_WR_Byte)
    PendSV_Handler                           0x080026fb   Thumb Code     2  stm32f1xx_it.o(i.PendSV_Handler)
    SCL_Output                               0x080026fd   Thumb Code    20  at24c02.o(i.SCL_Output)
    SDA_Input                                0x08002715   Thumb Code    10  at24c02.o(i.SDA_Input)
    SDA_Input_Mode                           0x08002725   Thumb Code    42  at24c02.o(i.SDA_Input_Mode)
    SDA_Output                               0x08002755   Thumb Code    20  at24c02.o(i.SDA_Output)
    SDA_Output_Mode                          0x0800276d   Thumb Code    48  at24c02.o(i.SDA_Output_Mode)
    SVC_Handler                              0x080027a1   Thumb Code     2  stm32f1xx_it.o(i.SVC_Handler)
    Send_Byte                                0x080027a5   Thumb Code    44  oled.o(i.Send_Byte)
    SysTick_Handler                          0x080027d5   Thumb Code     4  stm32f1xx_it.o(i.SysTick_Handler)
    SystemClock_Config                       0x080027d9   Thumb Code   104  main.o(i.SystemClock_Config)
    SystemInit                               0x08002841   Thumb Code     2  system_stm32f1xx.o(i.SystemInit)
    TIM3_IRQHandler                          0x08002845   Thumb Code     6  stm32f1xx_it.o(i.TIM3_IRQHandler)
    TIM_Base_SetConfig                       0x08002851   Thumb Code    84  stm32f1xx_hal_tim.o(i.TIM_Base_SetConfig)
    TIM_ETR_SetConfig                        0x080028ad   Thumb Code    20  stm32f1xx_hal_tim.o(i.TIM_ETR_SetConfig)
    UsageFault_Handler                       0x08002a49   Thumb Code     2  stm32f1xx_it.o(i.UsageFault_Handler)
    __0printf$6                              0x08002a4d   Thumb Code    22  printf6.o(i.__0printf$6)
    __1printf$6                              0x08002a4d   Thumb Code     0  printf6.o(i.__0printf$6)
    __2printf                                0x08002a4d   Thumb Code     0  printf6.o(i.__0printf$6)
    __0sprintf$6                             0x08002a6d   Thumb Code    34  printf6.o(i.__0sprintf$6)
    __1sprintf$6                             0x08002a6d   Thumb Code     0  printf6.o(i.__0sprintf$6)
    __2sprintf                               0x08002a6d   Thumb Code     0  printf6.o(i.__0sprintf$6)
    __scatterload_copy                       0x08002ab5   Thumb Code    14  handlers.o(i.__scatterload_copy)
    __scatterload_null                       0x08002ac3   Thumb Code     2  handlers.o(i.__scatterload_null)
    __scatterload_zeroinit                   0x08002ac5   Thumb Code    14  handlers.o(i.__scatterload_zeroinit)
    delay1                                   0x08002e21   Thumb Code    12  at24c02.o(i.delay1)
    delay_us                                 0x08002e2d   Thumb Code    22  dht11.o(i.delay_us)
    draw_char                                0x08002e49   Thumb Code    70  lcd12864.o(i.draw_char)
    fputc                                    0x08002e95   Thumb Code    20  main.o(i.fputc)
    key_scan                                 0x08002ead   Thumb Code   254  keyboard.o(i.key_scan)
    keyboard_init                            0x08002fb1   Thumb Code    88  keyboard.o(i.keyboard_init)
    main                                     0x08003011   Thumb Code   478  main.o(i.main)
    show_ascii_str                           0x08003265   Thumb Code    36  lcd12864.o(i.show_ascii_str)
    step_motor_angle_set                     0x08003289   Thumb Code    76  step_motor.o(i.step_motor_angle_set)
    step_motor_init                          0x080032dd   Thumb Code    72  step_motor.o(i.step_motor_init)
    wait                                     0x0800332d   Thumb Code    12  lcd12864.o(i.wait)
    write_commond                            0x08003339   Thumb Code    52  lcd12864.o(i.write_commond)
    write_date                               0x08003371   Thumb Code    52  lcd12864.o(i.write_date)
    write_dc                                 0x080033a9   Thumb Code    20  lcd12864.o(i.write_dc)
    write_ddc                                0x080033bd   Thumb Code    28  lcd12864.o(i.write_ddc)
    AHBPrescTable                            0x0800340c   Data          16  system_stm32f1xx.o(.constdata)
    APBPrescTable                            0x0800341c   Data           8  system_stm32f1xx.o(.constdata)
    Region$$Table$$Base                      0x08003a14   Number         0  anon$$obj.o(Region$$Table)
    Region$$Table$$Limit                     0x08003a34   Number         0  anon$$obj.o(Region$$Table)
    key_value                                0x20000000   Data           1  main.o(.data)
    key_last                                 0x20000001   Data           1  main.o(.data)
    mytemp                                   0x20000002   Data           1  main.o(.data)
    myhumi                                   0x20000003   Data           1  main.o(.data)
    tick                                     0x20000004   Data           4  main.o(.data)
    volt1                                    0x20000008   Data           4  main.o(.data)
    volt2                                    0x2000000c   Data           4  main.o(.data)
    uwTickFreq                               0x20000010   Data           1  stm32f1xx_hal.o(.data)
    uwTickPrio                               0x20000014   Data           4  stm32f1xx_hal.o(.data)
    uwTick                                   0x20000018   Data           4  stm32f1xx_hal.o(.data)
    SystemCoreClock                          0x2000001c   Data           4  system_stm32f1xx.o(.data)
    angle_data                               0x20000025   Data           8  step_motor.o(.data)
    __stdout                                 0x20000030   Data           4  stdout.o(.data)
    str                                      0x20000034   Data          64  main.o(.bss)
    hadc1                                    0x20000074   Data          48  adc.o(.bss)
    htim3                                    0x200000a4   Data          72  tim.o(.bss)
    huart1                                   0x200000ec   Data          72  usart.o(.bss)
    OLED_GRAM                                0x20000134   Data        1152  oled.o(.bss)
    __initial_sp                             0x200009b8   Data           0  startup_stm32f103x6.o(STACK)



==============================================================================

Memory Map of the image

  Image Entry point : 0x080000ed

  Load Region LR_IROM1 (Base: 0x08000000, Size: 0x00003a68, Max: 0x00008000, ABSOLUTE)

    Execution Region ER_IROM1 (Exec base: 0x08000000, Load base: 0x08000000, Size: 0x00003a34, Max: 0x00008000, ABSOLUTE)

    Exec Addr    Load Addr    Size         Type   Attr      Idx    E Section Name        Object

    0x08000000   0x08000000   0x000000ec   Data   RO            3    RESET               startup_stm32f103x6.o
    0x080000ec   0x080000ec   0x00000000   Code   RO         3778  * .ARM.Collect$$$$00000000  mc_w.l(entry.o)
    0x080000ec   0x080000ec   0x00000004   Code   RO         4058    .ARM.Collect$$$$00000001  mc_w.l(entry2.o)
    0x080000f0   0x080000f0   0x00000004   Code   RO         4061    .ARM.Collect$$$$00000004  mc_w.l(entry5.o)
    0x080000f4   0x080000f4   0x00000000   Code   RO         4063    .ARM.Collect$$$$00000008  mc_w.l(entry7b.o)
    0x080000f4   0x080000f4   0x00000000   Code   RO         4065    .ARM.Collect$$$$0000000A  mc_w.l(entry8b.o)
    0x080000f4   0x080000f4   0x00000008   Code   RO         4066    .ARM.Collect$$$$0000000B  mc_w.l(entry9a.o)
    0x080000fc   0x080000fc   0x00000004   Code   RO         4073    .ARM.Collect$$$$0000000E  mc_w.l(entry12b.o)
    0x08000100   0x08000100   0x00000000   Code   RO         4068    .ARM.Collect$$$$0000000F  mc_w.l(entry10a.o)
    0x08000100   0x08000100   0x00000000   Code   RO         4070    .ARM.Collect$$$$00000011  mc_w.l(entry11a.o)
    0x08000100   0x08000100   0x00000004   Code   RO         4059    .ARM.Collect$$$$00002712  mc_w.l(entry2.o)
    0x08000104   0x08000104   0x00000024   Code   RO            4    .text               startup_stm32f103x6.o
    0x08000128   0x08000128   0x00000020   Code   RO         3781    .text               mc_w.l(llushr.o)
    0x08000148   0x08000148   0x00000024   Code   RO         3783    .text               mc_w.l(memseta.o)
    0x0800016c   0x0800016c   0x00000064   Code   RO         4046    .text               mf_w.l(fmul.o)
    0x080001d0   0x080001d0   0x000000e4   Code   RO         4048    .text               mf_w.l(dmul.o)
    0x080002b4   0x080002b4   0x000000de   Code   RO         4050    .text               mf_w.l(ddiv.o)
    0x08000392   0x08000392   0x0000001a   Code   RO         4052    .text               mf_w.l(dfltui.o)
    0x080003ac   0x080003ac   0x00000032   Code   RO         4054    .text               mf_w.l(ffixi.o)
    0x080003de   0x080003de   0x00000038   Code   RO         4056    .text               mf_w.l(d2f.o)
    0x08000416   0x08000416   0x0000002c   Code   RO         4075    .text               mc_w.l(uidiv.o)
    0x08000442   0x08000442   0x00000000   Code   RO         4079    .text               mc_w.l(iusefp.o)
    0x08000442   0x08000442   0x0000006e   Code   RO         4080    .text               mf_w.l(fepilogue.o)
    0x080004b0   0x080004b0   0x000000ba   Code   RO         4082    .text               mf_w.l(depilogue.o)
    0x0800056a   0x0800056a   0x00000002   PAD
    0x0800056c   0x0800056c   0x00000024   Code   RO         4090    .text               mc_w.l(init.o)
    0x08000590   0x08000590   0x0000001e   Code   RO         4092    .text               mc_w.l(llshl.o)
    0x080005ae   0x080005ae   0x00000002   PAD
    0x080005b0   0x080005b0   0x00000056   Code   RO          507    i.ADC_ConversionStop_Disable  stm32f1xx_hal_adc.o
    0x08000606   0x08000606   0x00000002   PAD
    0x08000608   0x08000608   0x0000007c   Code   RO          511    i.ADC_Enable        stm32f1xx_hal_adc.o
    0x08000684   0x08000684   0x0000002c   Code   RO           13    i.ADC_Get           main.o
    0x080006b0   0x080006b0   0x00000050   Code   RO         3668    i.AT24C02_Init      at24c02.o
    0x08000700   0x08000700   0x00000052   Code   RO         3669    i.AT24C02_Read      at24c02.o
    0x08000752   0x08000752   0x00000002   PAD
    0x08000754   0x08000754   0x0000003e   Code   RO         3670    i.AT24C02_Write     at24c02.o
    0x08000792   0x08000792   0x00000002   Code   RO          365    i.BusFault_Handler  stm32f1xx_it.o
    0x08000794   0x08000794   0x0000005c   Code   RO         3124    i.DHT11_Check       dht11.o
    0x080007f0   0x080007f0   0x00000020   Code   RO         3125    i.DHT11_IO_IN       dht11.o
    0x08000810   0x08000810   0x00000024   Code   RO         3126    i.DHT11_IO_OUT      dht11.o
    0x08000834   0x08000834   0x0000000e   Code   RO         3127    i.DHT11_Init        dht11.o
    0x08000842   0x08000842   0x00000002   PAD
    0x08000844   0x08000844   0x0000005c   Code   RO         3128    i.DHT11_Read_Bit    dht11.o
    0x080008a0   0x080008a0   0x0000001a   Code   RO         3129    i.DHT11_Read_Byte   dht11.o
    0x080008ba   0x080008ba   0x00000050   Code   RO         3130    i.DHT11_Read_Data   dht11.o
    0x0800090a   0x0800090a   0x00000002   PAD
    0x0800090c   0x0800090c   0x00000034   Code   RO         3132    i.DHT11_Rst         dht11.o
    0x08000940   0x08000940   0x00000002   Code   RO          366    i.DebugMon_Handler  stm32f1xx_it.o
    0x08000942   0x08000942   0x00000004   Code   RO           14    i.Error_Handler     main.o
    0x08000946   0x08000946   0x00000038   Code   RO         3338    i.F12864_clear      lcd12864.o
    0x0800097e   0x0800097e   0x00000002   PAD
    0x08000980   0x08000980   0x00000058   Code   RO         3339    i.F12864_init       lcd12864.o
    0x080009d8   0x080009d8   0x000000fc   Code   RO          513    i.HAL_ADC_ConfigChannel  stm32f1xx_hal_adc.o
    0x08000ad4   0x08000ad4   0x00000004   Code   RO          519    i.HAL_ADC_GetState  stm32f1xx_hal_adc.o
    0x08000ad8   0x08000ad8   0x00000006   Code   RO          520    i.HAL_ADC_GetValue  stm32f1xx_hal_adc.o
    0x08000ade   0x08000ade   0x00000002   PAD
    0x08000ae0   0x08000ae0   0x0000011c   Code   RO          522    i.HAL_ADC_Init      stm32f1xx_hal_adc.o
    0x08000bfc   0x08000bfc   0x00000058   Code   RO          240    i.HAL_ADC_MspInit   adc.o
    0x08000c54   0x08000c54   0x0000013c   Code   RO          526    i.HAL_ADC_PollForConversion  stm32f1xx_hal_adc.o
    0x08000d90   0x08000d90   0x000000c0   Code   RO          528    i.HAL_ADC_Start     stm32f1xx_hal_adc.o
    0x08000e50   0x08000e50   0x00000024   Code   RO          790    i.HAL_Delay         stm32f1xx_hal.o
    0x08000e74   0x08000e74   0x000001c0   Code   RO         1100    i.HAL_GPIO_Init     stm32f1xx_hal_gpio.o
    0x08001034   0x08001034   0x0000000a   Code   RO         1102    i.HAL_GPIO_ReadPin  stm32f1xx_hal_gpio.o
    0x0800103e   0x0800103e   0x00000010   Code   RO         1103    i.HAL_GPIO_TogglePin  stm32f1xx_hal_gpio.o
    0x0800104e   0x0800104e   0x0000000a   Code   RO         1104    i.HAL_GPIO_WritePin  stm32f1xx_hal_gpio.o
    0x08001058   0x08001058   0x0000000c   Code   RO          794    i.HAL_GetTick       stm32f1xx_hal.o
    0x08001064   0x08001064   0x00000010   Code   RO          800    i.HAL_IncTick       stm32f1xx_hal.o
    0x08001074   0x08001074   0x00000024   Code   RO          801    i.HAL_Init          stm32f1xx_hal.o
    0x08001098   0x08001098   0x00000040   Code   RO          802    i.HAL_InitTick      stm32f1xx_hal.o
    0x080010d8   0x080010d8   0x0000002c   Code   RO          447    i.HAL_MspInit       stm32f1xx_hal_msp.o
    0x08001104   0x08001104   0x0000001a   Code   RO         1260    i.HAL_NVIC_EnableIRQ  stm32f1xx_hal_cortex.o
    0x0800111e   0x0800111e   0x00000002   PAD
    0x08001120   0x08001120   0x00000040   Code   RO         1266    i.HAL_NVIC_SetPriority  stm32f1xx_hal_cortex.o
    0x08001160   0x08001160   0x00000024   Code   RO         1267    i.HAL_NVIC_SetPriorityGrouping  stm32f1xx_hal_cortex.o
    0x08001184   0x08001184   0x000000a4   Code   RO         1061    i.HAL_RCCEx_GetPeriphCLKFreq  stm32f1xx_hal_rcc_ex.o
    0x08001228   0x08001228   0x000000ec   Code   RO         1062    i.HAL_RCCEx_PeriphCLKConfig  stm32f1xx_hal_rcc_ex.o
    0x08001314   0x08001314   0x0000012c   Code   RO          958    i.HAL_RCC_ClockConfig  stm32f1xx_hal_rcc.o
    0x08001440   0x08001440   0x0000000c   Code   RO          963    i.HAL_RCC_GetHCLKFreq  stm32f1xx_hal_rcc.o
    0x0800144c   0x0800144c   0x00000020   Code   RO          965    i.HAL_RCC_GetPCLK1Freq  stm32f1xx_hal_rcc.o
    0x0800146c   0x0800146c   0x00000020   Code   RO          966    i.HAL_RCC_GetPCLK2Freq  stm32f1xx_hal_rcc.o
    0x0800148c   0x0800148c   0x0000004c   Code   RO          967    i.HAL_RCC_GetSysClockFreq  stm32f1xx_hal_rcc.o
    0x080014d8   0x080014d8   0x00000320   Code   RO          970    i.HAL_RCC_OscConfig  stm32f1xx_hal_rcc.o
    0x080017f8   0x080017f8   0x00000028   Code   RO         1271    i.HAL_SYSTICK_Config  stm32f1xx_hal_cortex.o
    0x08001820   0x08001820   0x00000002   Code   RO         2456    i.HAL_TIMEx_BreakCallback  stm32f1xx_hal_tim_ex.o
    0x08001822   0x08001822   0x00000002   Code   RO         2457    i.HAL_TIMEx_CommutCallback  stm32f1xx_hal_tim_ex.o
    0x08001824   0x08001824   0x00000060   Code   RO         2475    i.HAL_TIMEx_MasterConfigSynchronization  stm32f1xx_hal_tim_ex.o
    0x08001884   0x08001884   0x0000005a   Code   RO         1752    i.HAL_TIM_Base_Init  stm32f1xx_hal_tim.o
    0x080018de   0x080018de   0x00000002   PAD
    0x080018e0   0x080018e0   0x0000003c   Code   RO          282    i.HAL_TIM_Base_MspInit  tim.o
    0x0800191c   0x0800191c   0x00000050   Code   RO         1757    i.HAL_TIM_Base_Start_IT  stm32f1xx_hal_tim.o
    0x0800196c   0x0800196c   0x000000dc   Code   RO         1761    i.HAL_TIM_ConfigClockSource  stm32f1xx_hal_tim.o
    0x08001a48   0x08001a48   0x00000002   Code   RO         1786    i.HAL_TIM_IC_CaptureCallback  stm32f1xx_hal_tim.o
    0x08001a4a   0x08001a4a   0x00000166   Code   RO         1800    i.HAL_TIM_IRQHandler  stm32f1xx_hal_tim.o
    0x08001bb0   0x08001bb0   0x00000002   Code   RO         1803    i.HAL_TIM_OC_DelayElapsedCallback  stm32f1xx_hal_tim.o
    0x08001bb2   0x08001bb2   0x00000002   Code   RO         1830    i.HAL_TIM_PWM_PulseFinishedCallback  stm32f1xx_hal_tim.o
    0x08001bb4   0x08001bb4   0x00000030   Code   RO           15    i.HAL_TIM_PeriodElapsedCallback  main.o
    0x08001be4   0x08001be4   0x00000002   Code   RO         1843    i.HAL_TIM_TriggerCallback  stm32f1xx_hal_tim.o
    0x08001be6   0x08001be6   0x00000064   Code   RO         2753    i.HAL_UART_Init     stm32f1xx_hal_uart.o
    0x08001c4a   0x08001c4a   0x00000002   PAD
    0x08001c4c   0x08001c4c   0x00000070   Code   RO          324    i.HAL_UART_MspInit  usart.o
    0x08001cbc   0x08001cbc   0x0000009a   Code   RO         2761    i.HAL_UART_Transmit  stm32f1xx_hal_uart.o
    0x08001d56   0x08001d56   0x00000002   Code   RO          367    i.HardFault_Handler  stm32f1xx_it.o
    0x08001d58   0x08001d58   0x00000052   Code   RO         3671    i.I2CReceiveByte    at24c02.o
    0x08001daa   0x08001daa   0x00000034   Code   RO         3672    i.I2CSendAck        at24c02.o
    0x08001dde   0x08001dde   0x00000052   Code   RO         3673    i.I2CSendByte       at24c02.o
    0x08001e30   0x08001e30   0x0000002e   Code   RO         3674    i.I2CSendNotAck     at24c02.o
    0x08001e5e   0x08001e5e   0x0000003a   Code   RO         3675    i.I2CStart          at24c02.o
    0x08001e98   0x08001e98   0x0000003a   Code   RO         3676    i.I2CStop           at24c02.o
    0x08001ed2   0x08001ed2   0x00000054   Code   RO         3677    i.I2CWaitAck        at24c02.o
    0x08001f26   0x08001f26   0x00000002   PAD
    0x08001f28   0x08001f28   0x0000001c   Code   RO         3438    i.I2C_Start         oled.o
    0x08001f44   0x08001f44   0x00000018   Code   RO         3439    i.I2C_Stop          oled.o
    0x08001f5c   0x08001f5c   0x00000018   Code   RO         3440    i.I2C_WaitAck       oled.o
    0x08001f74   0x08001f74   0x00000060   Code   RO         3340    i.LCD12864_Init     lcd12864.o
    0x08001fd4   0x08001fd4   0x00000012   Code   RO         3203    i.LCD_Clear         lcd1602.o
    0x08001fe6   0x08001fe6   0x00000002   PAD
    0x08001fe8   0x08001fe8   0x00000030   Code   RO         3204    i.LCD_Cmd           lcd1602.o
    0x08002018   0x08002018   0x00000030   Code   RO         3208    i.LCD_CursorSet     lcd1602.o
    0x08002048   0x08002048   0x00000030   Code   RO         3209    i.LCD_Data          lcd1602.o
    0x08002078   0x08002078   0x0000005a   Code   RO         3211    i.LCD_Delay_us      lcd1602.o
    0x080020d2   0x080020d2   0x00000002   PAD
    0x080020d4   0x080020d4   0x00000018   Code   RO         3213    i.LCD_DisplayOn     lcd1602.o
    0x080020ec   0x080020ec   0x0000002c   Code   RO         3214    i.LCD_EnBlink       lcd1602.o
    0x08002118   0x08002118   0x00000080   Code   RO         3215    i.LCD_Init          lcd1602.o
    0x08002198   0x08002198   0x0000005c   Code   RO         3218    i.LCD_Puts          lcd1602.o
    0x080021f4   0x080021f4   0x00000068   Code   RO          241    i.MX_ADC1_Init      adc.o
    0x0800225c   0x0800225c   0x00000080   Code   RO          215    i.MX_GPIO_Init      gpio.o
    0x080022dc   0x080022dc   0x00000068   Code   RO          283    i.MX_TIM3_Init      tim.o
    0x08002344   0x08002344   0x00000038   Code   RO          325    i.MX_USART1_UART_Init  usart.o
    0x0800237c   0x0800237c   0x00000002   Code   RO          368    i.MemManage_Handler  stm32f1xx_it.o
    0x0800237e   0x0800237e   0x00000002   Code   RO          369    i.NMI_Handler       stm32f1xx_it.o
    0x08002380   0x08002380   0x0000002c   Code   RO         3442    i.OLED_Clear        oled.o
    0x080023ac   0x080023ac   0x000000c4   Code   RO         3447    i.OLED_DrawCircle   oled.o
    0x08002470   0x08002470   0x0000009c   Code   RO         3448    i.OLED_DrawLine     oled.o
    0x0800250c   0x0800250c   0x0000002c   Code   RO         3449    i.OLED_DrawPoint    oled.o
    0x08002538   0x08002538   0x00000124   Code   RO         3450    i.OLED_Init         oled.o
    0x0800265c   0x0800265c   0x00000068   Code   RO         3452    i.OLED_Refresh      oled.o
    0x080026c4   0x080026c4   0x00000036   Code   RO         3459    i.OLED_WR_Byte      oled.o
    0x080026fa   0x080026fa   0x00000002   Code   RO          370    i.PendSV_Handler    stm32f1xx_it.o
    0x080026fc   0x080026fc   0x00000018   Code   RO         3678    i.SCL_Output        at24c02.o
    0x08002714   0x08002714   0x00000010   Code   RO         3679    i.SDA_Input         at24c02.o
    0x08002724   0x08002724   0x00000030   Code   RO         3680    i.SDA_Input_Mode    at24c02.o
    0x08002754   0x08002754   0x00000018   Code   RO         3681    i.SDA_Output        at24c02.o
    0x0800276c   0x0800276c   0x00000034   Code   RO         3682    i.SDA_Output_Mode   at24c02.o
    0x080027a0   0x080027a0   0x00000002   Code   RO          371    i.SVC_Handler       stm32f1xx_it.o
    0x080027a2   0x080027a2   0x00000002   PAD
    0x080027a4   0x080027a4   0x00000030   Code   RO         3460    i.Send_Byte         oled.o
    0x080027d4   0x080027d4   0x00000004   Code   RO          372    i.SysTick_Handler   stm32f1xx_it.o
    0x080027d8   0x080027d8   0x00000068   Code   RO           16    i.SystemClock_Config  main.o
    0x08002840   0x08002840   0x00000002   Code   RO         3087    i.SystemInit        system_stm32f1xx.o
    0x08002842   0x08002842   0x00000002   PAD
    0x08002844   0x08002844   0x0000000c   Code   RO          373    i.TIM3_IRQHandler   stm32f1xx_it.o
    0x08002850   0x08002850   0x0000005c   Code   RO         1845    i.TIM_Base_SetConfig  stm32f1xx_hal_tim.o
    0x080028ac   0x080028ac   0x00000014   Code   RO         1856    i.TIM_ETR_SetConfig  stm32f1xx_hal_tim.o
    0x080028c0   0x080028c0   0x00000010   Code   RO         1857    i.TIM_ITRx_SetConfig  stm32f1xx_hal_tim.o
    0x080028d0   0x080028d0   0x00000022   Code   RO         1863    i.TIM_TI1_ConfigInputStage  stm32f1xx_hal_tim.o
    0x080028f2   0x080028f2   0x00000024   Code   RO         1865    i.TIM_TI2_ConfigInputStage  stm32f1xx_hal_tim.o
    0x08002916   0x08002916   0x00000002   PAD
    0x08002918   0x08002918   0x000000b8   Code   RO         2779    i.UART_SetConfig    stm32f1xx_hal_uart.o
    0x080029d0   0x080029d0   0x00000078   Code   RO         2782    i.UART_WaitOnFlagUntilTimeout  stm32f1xx_hal_uart.o
    0x08002a48   0x08002a48   0x00000002   Code   RO          374    i.UsageFault_Handler  stm32f1xx_it.o
    0x08002a4a   0x08002a4a   0x00000002   PAD
    0x08002a4c   0x08002a4c   0x00000020   Code   RO         3940    i.__0printf$6       mc_w.l(printf6.o)
    0x08002a6c   0x08002a6c   0x00000028   Code   RO         3942    i.__0sprintf$6      mc_w.l(printf6.o)
    0x08002a94   0x08002a94   0x00000020   Code   RO         1273    i.__NVIC_SetPriority  stm32f1xx_hal_cortex.o
    0x08002ab4   0x08002ab4   0x0000000e   Code   RO         4098    i.__scatterload_copy  mc_w.l(handlers.o)
    0x08002ac2   0x08002ac2   0x00000002   Code   RO         4099    i.__scatterload_null  mc_w.l(handlers.o)
    0x08002ac4   0x08002ac4   0x0000000e   Code   RO         4100    i.__scatterload_zeroinit  mc_w.l(handlers.o)
    0x08002ad2   0x08002ad2   0x00000002   PAD
    0x08002ad4   0x08002ad4   0x000002f0   Code   RO         3947    i._printf_core      mc_w.l(printf6.o)
    0x08002dc4   0x08002dc4   0x00000024   Code   RO         3948    i._printf_post_padding  mc_w.l(printf6.o)
    0x08002de8   0x08002de8   0x0000002e   Code   RO         3949    i._printf_pre_padding  mc_w.l(printf6.o)
    0x08002e16   0x08002e16   0x0000000a   Code   RO         3951    i._sputc            mc_w.l(printf6.o)
    0x08002e20   0x08002e20   0x0000000c   Code   RO         3683    i.delay1            at24c02.o
    0x08002e2c   0x08002e2c   0x0000001c   Code   RO         3133    i.delay_us          dht11.o
    0x08002e48   0x08002e48   0x0000004c   Code   RO         3341    i.draw_char         lcd12864.o
    0x08002e94   0x08002e94   0x00000018   Code   RO           17    i.fputc             main.o
    0x08002eac   0x08002eac   0x00000104   Code   RO         3599    i.key_scan          keyboard.o
    0x08002fb0   0x08002fb0   0x00000060   Code   RO         3600    i.keyboard_init     keyboard.o
    0x08003010   0x08003010   0x00000254   Code   RO           18    i.main              main.o
    0x08003264   0x08003264   0x00000024   Code   RO         3344    i.show_ascii_str    lcd12864.o
    0x08003288   0x08003288   0x00000054   Code   RO         3632    i.step_motor_angle_set  step_motor.o
    0x080032dc   0x080032dc   0x00000050   Code   RO         3633    i.step_motor_init   step_motor.o
    0x0800332c   0x0800332c   0x0000000c   Code   RO         3346    i.wait              lcd12864.o
    0x08003338   0x08003338   0x00000038   Code   RO         3347    i.write_commond     lcd12864.o
    0x08003370   0x08003370   0x00000038   Code   RO         3348    i.write_date        lcd12864.o
    0x080033a8   0x080033a8   0x00000014   Code   RO         3349    i.write_dc          lcd12864.o
    0x080033bc   0x080033bc   0x0000001c   Code   RO         3350    i.write_ddc         lcd12864.o
    0x080033d8   0x080033d8   0x00000010   Data   RO           20    .constdata          main.o
    0x080033e8   0x080033e8   0x00000012   Data   RO          971    .constdata          stm32f1xx_hal_rcc.o
    0x080033fa   0x080033fa   0x00000012   Data   RO         1063    .constdata          stm32f1xx_hal_rcc_ex.o
    0x0800340c   0x0800340c   0x00000010   Data   RO         3088    .constdata          system_stm32f1xx.o
    0x0800341c   0x0800341c   0x00000008   Data   RO         3089    .constdata          system_stm32f1xx.o
    0x08003424   0x08003424   0x000005f0   Data   RO         3351    .constdata          lcd12864.o
    0x08003a14   0x08003a14   0x00000020   Data   RO         4096    Region$$Table       anon$$obj.o


    Execution Region RW_IRAM1 (Exec base: 0x20000000, Load base: 0x08003a34, Size: 0x000009b8, Max: 0x00002800, ABSOLUTE)

    Exec Addr    Load Addr    Size         Type   Attr      Idx    E Section Name        Object

    0x20000000   0x08003a34   0x00000010   Data   RW           24    .data               main.o
    0x20000010   0x08003a44   0x0000000c   Data   RW          808    .data               stm32f1xx_hal.o
    0x2000001c   0x08003a50   0x00000004   Data   RW         3090    .data               system_stm32f1xx.o
    0x20000020   0x08003a54   0x00000005   Data   RW         3221    .data               lcd1602.o
    0x20000025   0x08003a59   0x00000008   Data   RW         3634    .data               step_motor.o
    0x2000002d   0x08003a61   0x00000003   PAD
    0x20000030   0x08003a64   0x00000004   Data   RW         4074    .data               mc_w.l(stdout.o)
    0x20000034        -       0x00000040   Zero   RW           19    .bss                main.o
    0x20000074        -       0x00000030   Zero   RW          242    .bss                adc.o
    0x200000a4        -       0x00000048   Zero   RW          284    .bss                tim.o
    0x200000ec        -       0x00000048   Zero   RW          326    .bss                usart.o
    0x20000134        -       0x00000480   Zero   RW         3461    .bss                oled.o
    0x200005b4   0x08003a68   0x00000004   PAD
    0x200005b8        -       0x00000400   Zero   RW            1    STACK               startup_stm32f103x6.o


==============================================================================

Image component sizes


      Code (inc. data)   RO Data    RW Data    ZI Data      Debug   Object Name

       192         24          0          0         48       1617   adc.o
       862         32          0          0          0       8706   at24c02.o
       452         32          0          0          0       5512   dht11.o
       128         10          0          0          0        919   gpio.o
       356         14          0          0          0       1719   keyboard.o
       524         30       1520          0          0       7397   lcd12864.o
       540         52          0          5          0       6440   lcd1602.o
       820        140         16         16         64     438534   main.o
      1014         42          0          0       1152       8072   oled.o
        36          8        236          0       1024        788   startup_stm32f103x6.o
       164         16          0          8          0       1630   step_motor.o
       164         28          0         12          0       5453   stm32f1xx_hal.o
      1264         54          0          0          0       6963   stm32f1xx_hal_adc.o
       198         14          0          0          0      28879   stm32f1xx_hal_cortex.o
       484         30          0          0          0       4052   stm32f1xx_hal_gpio.o
        44          6          0          0          0        806   stm32f1xx_hal_msp.o
      1252         90         18          0          0       5476   stm32f1xx_hal_rcc.o
       400         28         18          0          0       2429   stm32f1xx_hal_rcc_ex.o
       954         18          0          0          0       9565   stm32f1xx_hal_tim.o
       100         10          0          0          0       2353   stm32f1xx_hal_tim_ex.o
       558          6          0          0          0       3912   stm32f1xx_hal_uart.o
        32          6          0          0          0       4176   stm32f1xx_it.o
         2          0         24          4          0       1079   system_stm32f1xx.o
       164         18          0          0         72       1606   tim.o
       168         20          0          0         72       1630   usart.o

    ----------------------------------------------------------------------
     10904        728       1864         48       2436     559713   Object Totals
         0          0         32          0          0          0   (incl. Generated)
        32          0          0          3          4          0   (incl. Padding)

    ----------------------------------------------------------------------

      Code (inc. data)   RO Data    RW Data    ZI Data      Debug   Library Member Name

         0          0          0          0          0          0   entry.o
         0          0          0          0          0          0   entry10a.o
         0          0          0          0          0          0   entry11a.o
         4          0          0          0          0          0   entry12b.o
         8          4          0          0          0          0   entry2.o
         4          0          0          0          0          0   entry5.o
         0          0          0          0          0          0   entry7b.o
         0          0          0          0          0          0   entry8b.o
         8          4          0          0          0          0   entry9a.o
        30          0          0          0          0          0   handlers.o
        36          8          0          0          0         68   init.o
         0          0          0          0          0          0   iusefp.o
        30          0          0          0          0         68   llshl.o
        32          0          0          0          0         68   llushr.o
        36          0          0          0          0        108   memseta.o
       916         20          0          0          0        504   printf6.o
         0          0          0          4          0          0   stdout.o
        44          0          0          0          0         80   uidiv.o
        56          0          0          0          0         88   d2f.o
       222          0          0          0          0        100   ddiv.o
       186          0          0          0          0        176   depilogue.o
        26          0          0          0          0         76   dfltui.o
       228          0          0          0          0         96   dmul.o
       110          0          0          0          0        168   fepilogue.o
        50          0          0          0          0         68   ffixi.o
       100          0          0          0          0         76   fmul.o

    ----------------------------------------------------------------------
      2132         36          0          4          0       1744   Library Totals
         6          0          0          0          0          0   (incl. Padding)

    ----------------------------------------------------------------------

      Code (inc. data)   RO Data    RW Data    ZI Data      Debug   Library Name

      1148         36          0          4          0        896   mc_w.l
       978          0          0          0          0        848   mf_w.l

    ----------------------------------------------------------------------
      2132         36          0          4          0       1744   Library Totals

    ----------------------------------------------------------------------

==============================================================================


      Code (inc. data)   RO Data    RW Data    ZI Data      Debug   

     13036        764       1864         52       2436     554017   Grand Totals
     13036        764       1864         52       2436     554017   ELF Image Totals
     13036        764       1864         52          0          0   ROM Totals

==============================================================================

    Total RO  Size (Code + RO Data)                14900 (  14.55kB)
    Total RW  Size (RW Data + ZI Data)              2488 (   2.43kB)
    Total ROM Size (Code + RO Data + RW Data)      14952 (  14.60kB)

==============================================================================

